Archive member included to satisfy reference by file (symbol)

C:/ST/STM32CubeIDE_1.17.0/STM32CubeIDE/plugins/com.st.stm32cube.ide.mcu.externaltools.gnu-tools-for-stm32.13.3.rel1.win32_1.0.0.202411081344/tools/bin/../lib/gcc/arm-none-eabi/13.3.1/../../../../arm-none-eabi/lib/thumb/v7e-m+fp/hard\libc_nano.a(libc_a-exit.o)
                              C:/ST/STM32CubeIDE_1.17.0/STM32CubeIDE/plugins/com.st.stm32cube.ide.mcu.externaltools.gnu-tools-for-stm32.13.3.rel1.win32_1.0.0.202411081344/tools/bin/../lib/gcc/arm-none-eabi/13.3.1/../../../../arm-none-eabi/lib/thumb/v7e-m+fp/hard/crt0.o (exit)
C:/ST/STM32CubeIDE_1.17.0/STM32CubeIDE/plugins/com.st.stm32cube.ide.mcu.externaltools.gnu-tools-for-stm32.13.3.rel1.win32_1.0.0.202411081344/tools/bin/../lib/gcc/arm-none-eabi/13.3.1/../../../../arm-none-eabi/lib/thumb/v7e-m+fp/hard\libc_nano.a(libc_a-malloc.o)
                              ./Core/Src/ApplicationCode.o (malloc)
C:/ST/STM32CubeIDE_1.17.0/STM32CubeIDE/plugins/com.st.stm32cube.ide.mcu.externaltools.gnu-tools-for-stm32.13.3.rel1.win32_1.0.0.202411081344/tools/bin/../lib/gcc/arm-none-eabi/13.3.1/../../../../arm-none-eabi/lib/thumb/v7e-m+fp/hard\libc_nano.a(libc_a-mallocr.o)
                              C:/ST/STM32CubeIDE_1.17.0/STM32CubeIDE/plugins/com.st.stm32cube.ide.mcu.externaltools.gnu-tools-for-stm32.13.3.rel1.win32_1.0.0.202411081344/tools/bin/../lib/gcc/arm-none-eabi/13.3.1/../../../../arm-none-eabi/lib/thumb/v7e-m+fp/hard\libc_nano.a(libc_a-malloc.o) (_malloc_r)
C:/ST/STM32CubeIDE_1.17.0/STM32CubeIDE/plugins/com.st.stm32cube.ide.mcu.externaltools.gnu-tools-for-stm32.13.3.rel1.win32_1.0.0.202411081344/tools/bin/../lib/gcc/arm-none-eabi/13.3.1/../../../../arm-none-eabi/lib/thumb/v7e-m+fp/hard\libc_nano.a(libc_a-mlock.o)
                              C:/ST/STM32CubeIDE_1.17.0/STM32CubeIDE/plugins/com.st.stm32cube.ide.mcu.externaltools.gnu-tools-for-stm32.13.3.rel1.win32_1.0.0.202411081344/tools/bin/../lib/gcc/arm-none-eabi/13.3.1/../../../../arm-none-eabi/lib/thumb/v7e-m+fp/hard\libc_nano.a(libc_a-mallocr.o) (__malloc_lock)
C:/ST/STM32CubeIDE_1.17.0/STM32CubeIDE/plugins/com.st.stm32cube.ide.mcu.externaltools.gnu-tools-for-stm32.13.3.rel1.win32_1.0.0.202411081344/tools/bin/../lib/gcc/arm-none-eabi/13.3.1/../../../../arm-none-eabi/lib/thumb/v7e-m+fp/hard\libc_nano.a(libc_a-findfp.o)
                              C:/ST/STM32CubeIDE_1.17.0/STM32CubeIDE/plugins/com.st.stm32cube.ide.mcu.externaltools.gnu-tools-for-stm32.13.3.rel1.win32_1.0.0.202411081344/tools/bin/../lib/gcc/arm-none-eabi/13.3.1/../../../../arm-none-eabi/lib/thumb/v7e-m+fp/hard\libc_nano.a(libc_a-exit.o) (__stdio_exit_handler)
C:/ST/STM32CubeIDE_1.17.0/STM32CubeIDE/plugins/com.st.stm32cube.ide.mcu.externaltools.gnu-tools-for-stm32.13.3.rel1.win32_1.0.0.202411081344/tools/bin/../lib/gcc/arm-none-eabi/13.3.1/../../../../arm-none-eabi/lib/thumb/v7e-m+fp/hard\libc_nano.a(libc_a-fwalk.o)
                              C:/ST/STM32CubeIDE_1.17.0/STM32CubeIDE/plugins/com.st.stm32cube.ide.mcu.externaltools.gnu-tools-for-stm32.13.3.rel1.win32_1.0.0.202411081344/tools/bin/../lib/gcc/arm-none-eabi/13.3.1/../../../../arm-none-eabi/lib/thumb/v7e-m+fp/hard\libc_nano.a(libc_a-findfp.o) (_fwalk_sglue)
C:/ST/STM32CubeIDE_1.17.0/STM32CubeIDE/plugins/com.st.stm32cube.ide.mcu.externaltools.gnu-tools-for-stm32.13.3.rel1.win32_1.0.0.202411081344/tools/bin/../lib/gcc/arm-none-eabi/13.3.1/../../../../arm-none-eabi/lib/thumb/v7e-m+fp/hard\libc_nano.a(libc_a-printf.o)
                              ./Core/Src/ApplicationCode.o (printf)
C:/ST/STM32CubeIDE_1.17.0/STM32CubeIDE/plugins/com.st.stm32cube.ide.mcu.externaltools.gnu-tools-for-stm32.13.3.rel1.win32_1.0.0.202411081344/tools/bin/../lib/gcc/arm-none-eabi/13.3.1/../../../../arm-none-eabi/lib/thumb/v7e-m+fp/hard\libc_nano.a(libc_a-puts.o)
                              ./Core/Src/ApplicationCode.o (puts)
C:/ST/STM32CubeIDE_1.17.0/STM32CubeIDE/plugins/com.st.stm32cube.ide.mcu.externaltools.gnu-tools-for-stm32.13.3.rel1.win32_1.0.0.202411081344/tools/bin/../lib/gcc/arm-none-eabi/13.3.1/../../../../arm-none-eabi/lib/thumb/v7e-m+fp/hard\libc_nano.a(libc_a-stdio.o)
                              C:/ST/STM32CubeIDE_1.17.0/STM32CubeIDE/plugins/com.st.stm32cube.ide.mcu.externaltools.gnu-tools-for-stm32.13.3.rel1.win32_1.0.0.202411081344/tools/bin/../lib/gcc/arm-none-eabi/13.3.1/../../../../arm-none-eabi/lib/thumb/v7e-m+fp/hard\libc_nano.a(libc_a-findfp.o) (__sread)
C:/ST/STM32CubeIDE_1.17.0/STM32CubeIDE/plugins/com.st.stm32cube.ide.mcu.externaltools.gnu-tools-for-stm32.13.3.rel1.win32_1.0.0.202411081344/tools/bin/../lib/gcc/arm-none-eabi/13.3.1/../../../../arm-none-eabi/lib/thumb/v7e-m+fp/hard\libc_nano.a(libc_a-wbuf.o)
                              C:/ST/STM32CubeIDE_1.17.0/STM32CubeIDE/plugins/com.st.stm32cube.ide.mcu.externaltools.gnu-tools-for-stm32.13.3.rel1.win32_1.0.0.202411081344/tools/bin/../lib/gcc/arm-none-eabi/13.3.1/../../../../arm-none-eabi/lib/thumb/v7e-m+fp/hard\libc_nano.a(libc_a-puts.o) (__swbuf_r)
[...]
Memory Configuration

Name             Origin             Length             Attributes
CCMRAM           0x10000000         0x00010000         xrw
RAM              0x20000000         0x00030000         xrw
FLASH            0x08000000         0x00200000         xr
*default*        0x00000000         0xffffffff

Linker script and memory map

LOAD C:/ST/STM32CubeIDE_1.17.0/STM32CubeIDE/plugins/com.st.stm32cube.ide.mcu.externaltools.gnu-tools-for-stm32.13.3.rel1.win32_1.0.0.202411081344/tools/bin/../lib/gcc/arm-none-eabi/13.3.1/thumb/v7e-m+fp/hard/crti.o
LOAD C:/ST/STM32CubeIDE_1.17.0/STM32CubeIDE/plugins/com.st.stm32cube.ide.mcu.externaltools.gnu-tools-for-stm32.13.3.rel1.win32_1.0.0.202411081344/tools/bin/../lib/gcc/arm-none-eabi/13.3.1/thumb/v7e-m+fp/hard/crtbegin.o
LOAD C:/ST/STM32CubeIDE_1.17.0/STM32CubeIDE/plugins/com.st.stm32cube.ide.mcu.externaltools.gnu-tools-for-stm32.13.3.rel1.win32_1.0.0.202411081344/tools/bin/../lib/gcc/arm-none-eabi/13.3.1/../../../../arm-none-eabi/lib/thumb/v7e-m+fp/hard/crt0.o
LOAD ./Core/Src/ApplicationCode.o
LOAD ./Core/Src/Button_Driver.o
LOAD ./Core/Src/Gyro_Driver.o
LOAD ./Core/Src/LCD_Driver.o
LOAD ./Core/Src/Scheduler.o
LOAD ./Core/Src/Timer_Driver.o
LOAD ./Core/Src/fonts.o
LOAD ./Core/Src/ili9341.o
LOAD ./Core/Src/main.o
LOAD ./Core/Src/stm32f4xx_hal_msp.o
LOAD ./Core/Src/stm32f4xx_it.o
LOAD ./Core/Src/stmpe811.o
LOAD ./Core/Src/syscalls.o
LOAD ./Core/Src/sysmem.o
LOAD ./Core/Src/system_stm32f4xx.o
LOAD ./Core/Startup/startup_stm32f429zitx.o
LOAD ./Drivers/STM32F4xx_HAL_Driver/Src/stm32f4xx_hal.o
LOAD ./Drivers/STM32F4xx_HAL_Driver/Src/stm32f4xx_hal_cortex.o
LOAD ./Drivers/STM32F4xx_HAL_Driver/Src/stm32f4xx_hal_dma.o
LOAD ./Drivers/STM32F4xx_HAL_Driver/Src/stm32f4xx_hal_dma_ex.o
LOAD ./Drivers/STM32F4xx_HAL_Driver/Src/stm32f4xx_hal_dsi.o
LOAD ./Drivers/STM32F4xx_HAL_Driver/Src/stm32f4xx_hal_exti.o
LOAD ./Drivers/STM32F4xx_HAL_Driver/Src/stm32f4xx_hal_flash.o
LOAD ./Drivers/STM32F4xx_HAL_Driver/Src/stm32f4xx_hal_flash_ex.o
LOAD ./Drivers/STM32F4xx_HAL_Driver/Src/stm32f4xx_hal_flash_ramfunc.o
LOAD ./Drivers/STM32F4xx_HAL_Driver/Src/stm32f4xx_hal_gpio.o
LOAD ./Drivers/STM32F4xx_HAL_Driver/Src/stm32f4xx_hal_i2c.o
LOAD ./Drivers/STM32F4xx_HAL_Driver/Src/stm32f4xx_hal_i2c_ex.o
LOAD ./Drivers/STM32F4xx_HAL_Driver/Src/stm32f4xx_hal_ltdc.o
LOAD ./Drivers/STM32F4xx_HAL_Driver/Src/stm32f4xx_hal_ltdc_ex.o
LOAD ./Drivers/STM32F4xx_HAL_Driver/Src/stm32f4xx_hal_pwr.o
LOAD ./Drivers/STM32F4xx_HAL_Driver/Src/stm32f4xx_hal_pwr_ex.o
LOAD ./Drivers/STM32F4xx_HAL_Driver/Src/stm32f4xx_hal_rcc.o
LOAD ./Drivers/STM32F4xx_HAL_Driver/Src/stm32f4xx_hal_rcc_ex.o
LOAD ./Drivers/STM32F4xx_HAL_Driver/Src/stm32f4xx_hal_rng.o
LOAD ./Drivers/STM32F4xx_HAL_Driver/Src/stm32f4xx_hal_spi.o
LOAD ./Drivers/STM32F4xx_HAL_Driver/Src/stm32f4xx_hal_tim.o
LOAD ./Drivers/STM32F4xx_HAL_Driver/Src/stm32f4xx_hal_tim_ex.o
START GROUP
LOAD C:/ST/STM32CubeIDE_1.17.0/STM32CubeIDE/plugins/com.st.stm32cube.ide.mcu.externaltools.gnu-tools-for-stm32.13.3.rel1.win32_1.0.0.202411081344/tools/bin/../lib/gcc/arm-none-eabi/13.3.1/../../../../arm-none-eabi/lib/thumb/v7e-m+fp/hard\libc_nano.a
LOAD C:/ST/STM32CubeIDE_1.17.0/STM32CubeIDE/plugins/com.st.stm32cube.ide.mcu.externaltools.gnu-tools-for-stm32.13.3.rel1.win32_1.0.0.202411081344/tools/bin/../lib/gcc/arm-none-eabi/13.3.1/../../../../arm-none-eabi/lib/thumb/v7e-m+fp/hard\libm.a
END GROUP
START GROUP
LOAD C:/ST/STM32CubeIDE_1.17.0/STM32CubeIDE/plugins/com.st.stm32cube.ide.mcu.externaltools.gnu-tools-for-stm32.13.3.rel1.win32_1.0.0.202411081344/tools/bin/../lib/gcc/arm-none-eabi/13.3.1/thumb/v7e-m+fp/hard\libgcc.a
LOAD C:/ST/STM32CubeIDE_1.17.0/STM32CubeIDE/plugins/com.st.stm32cube.ide.mcu.externaltools.gnu-tools-for-stm32.13.3.rel1.win32_1.0.0.202411081344/tools/bin/../lib/gcc/arm-none-eabi/13.3.1/../../../../arm-none-eabi/lib/thumb/v7e-m+fp/hard\libc_nano.a
END GROUP
START GROUP
LOAD C:/ST/STM32CubeIDE_1.17.0/STM32CubeIDE/plugins/com.st.stm32cube.ide.mcu.externaltools.gnu-tools-for-stm32.13.3.rel1.win32_1.0.0.202411081344/tools/bin/../lib/gcc/arm-none-eabi/13.3.1/thumb/v7e-m+fp/hard\libgcc.a
LOAD C:/ST/STM32CubeIDE_1.17.0/STM32CubeIDE/plugins/com.st.stm32cube.ide.mcu.externaltools.gnu-tools-for-stm32.13.3.rel1.win32_1.0.0.202411081344/tools/bin/../lib/gcc/arm-none-eabi/13.3.1/../../../../arm-none-eabi/lib/thumb/v7e-m+fp/hard\libc_nano.a
LOAD C:/ST/STM32CubeIDE_1.17.0/STM32CubeIDE/plugins/com.st.stm32cube.ide.mcu.externaltools.gnu-tools-for-stm32.13.3.rel1.win32_1.0.0.202411081344/tools/bin/../lib/gcc/arm-none-eabi/13.3.1/../../../../arm-none-eabi/lib/thumb/v7e-m+fp/hard\libnosys.a
END GROUP
START GROUP
LOAD C:/ST/STM32CubeIDE_1.17.0/STM32CubeIDE/plugins/com.st.stm32cube.ide.mcu.externaltools.gnu-tools-for-stm32.13.3.rel1.win32_1.0.0.202411081344/tools/bin/../lib/gcc/arm-none-eabi/13.3.1/thumb/v7e-m+fp/hard\libgcc.a
LOAD C:/ST/STM32CubeIDE_1.17.0/STM32CubeIDE/plugins/com.st.stm32cube.ide.mcu.externaltools.gnu-tools-for-stm32.13.3.rel1.win32_1.0.0.202411081344/tools/bin/../lib/gcc/arm-none-eabi/13.3.1/../../../../arm-none-eabi/lib/thumb/v7e-m+fp/hard\libc_nano.a
LOAD C:/ST/STM32CubeIDE_1.17.0/STM32CubeIDE/plugins/com.st.stm32cube.ide.mcu.externaltools.gnu-tools-for-stm32.13.3.rel1.win32_1.0.0.202411081344/tools/bin/../lib/gcc/arm-none-eabi/13.3.1/../../../../arm-none-eabi/lib/thumb/v7e-m+fp/hard\libnosys.a
END GROUP
LOAD C:/ST/STM32CubeIDE_1.17.0/STM32CubeIDE/plugins/com.st.stm32cube.ide.mcu.externaltools.gnu-tools-for-stm32.13.3.rel1.win32_1.0.0.202411081344/tools/bin/../lib/gcc/arm-none-eabi/13.3.1/thumb/v7e-m+fp/hard/crtend.o
LOAD C:/ST/STM32CubeIDE_1.17.0/STM32CubeIDE/plugins/com.st.stm32cube.ide.mcu.externaltools.gnu-tools-for-stm32.13.3.rel1.win32_1.0.0.202411081344/tools/bin/../lib/gcc/arm-none-eabi/13.3.1/thumb/v7e-m+fp/hard/crtn.o
                0x20030000                        _estack = (ORIGIN (RAM) + LENGTH (RAM))
                0x00000200                        _Min_Heap_Size = 0x200
                0x00000400                        _Min_Stack_Size = 0x400

.isr_vector     0x08000000      0x1ac
                0x08000000                        . = ALIGN (0x4)
 *(.isr_vector)
 .isr_vector    0x08000000      0x1ac ./Core/Startup/startup_stm32f429zitx.o
                0x08000000                g_pfnVectors
                0x080001ac                        . = ALIGN (0x4)

.text           0x080001b0     0x8868
                0x080001b0                        . = ALIGN (0x4)
 *(.text)
 .text          0x080001b0       0x40 C:/ST/STM32CubeIDE_1.17.0/STM32CubeIDE/plugins/com.st.stm32cube.ide.mcu.externaltools.gnu-tools-for-stm32.13.3.rel1.win32_1.0.0.202411081344/tools/bin/../lib/gcc/arm-none-eabi/13.3.1/thumb/v7e-m+fp/hard/crtbegin.o
 .text          0x080001f0       0x10 C:/ST/STM32CubeIDE_1.17.0/STM32CubeIDE/plugins/com.st.stm32cube.ide.mcu.externaltools.gnu-tools-for-stm32.13.3.rel1.win32_1.0.0.202411081344/tools/bin/../lib/gcc/arm-none-eabi/13.3.1/../../../../arm-none-eabi/lib/thumb/v7e-m+fp/hard\libc_nano.a(libc_a-strlen.o)
                0x080001f0                strlen
 .text          0x08000200       0xa0 C:/ST/STM32CubeIDE_1.17.0/STM32CubeIDE/plugins/com.st.stm32cube.ide.mcu.externaltools.gnu-tools-for-stm32.13.3.rel1.win32_1.0.0.202411081344/tools/bin/../lib/gcc/arm-none-eabi/13.3.1/../../../../arm-none-eabi/lib/thumb/v7e-m+fp/hard\libc_nano.a(libc_a-memchr.o)
                0x08000200                memchr
 .text          0x080002a0       0x30 C:/ST/STM32CubeIDE_1.17.0/STM32CubeIDE/plugins/com.st.stm32cube.ide.mcu.externaltools.gnu-tools-for-stm32.13.3.rel1.win32_1.0.0.202411081344/tools/bin/../lib/gcc/arm-none-eabi/13.3.1/thumb/v7e-m+fp/hard\libgcc.a(_aeabi_uldivmod.o)
                0x080002a0                __aeabi_uldivmod
 .text          0x080002d0      0x2f8 C:/ST/STM32CubeIDE_1.17.0/STM32CubeIDE/plugins/com.st.stm32cube.ide.mcu.externaltools.gnu-tools-for-stm32.13.3.rel1.win32_1.0.0.202411081344/tools/bin/../lib/gcc/arm-none-eabi/13.3.1/thumb/v7e-m+fp/hard\libgcc.a(_udivmoddi4.o)
                0x080002d0                __udivmoddi4
 .text          0x080005c8        0x4 C:/ST/STM32CubeIDE_1.17.0/STM32CubeIDE/plugins/com.st.stm32cube.ide.mcu.externaltools.gnu-tools-for-stm32.13.3.rel1.win32_1.0.0.202411081344/tools/bin/../lib/gcc/arm-none-eabi/13.3.1/thumb/v7e-m+fp/hard\libgcc.a(_dvmd_tls.o)
                0x080005c8                __aeabi_idiv0
                0x080005c8                __aeabi_ldiv0
 *(.text*)
 .text.ApplicationInit
                0x080005cc       0x44 ./Core/Src/ApplicationCode.o
                0x080005cc                ApplicationInit
 .text.buttonInit
                0x08000610        0xc ./Core/Src/ApplicationCode.o
                0x08000610                buttonInit
 .text.timerInit
                0x0800061c        0xc ./Core/Src/ApplicationCode.o
                0x0800061c                timerInit
 .text.gyroInit
                0x08000628        0xc ./Core/Src/ApplicationCode.o
                0x08000628                gyroInit
 .text.roundResetPrompt
                0x08000634       0xd8 ./Core/Src/ApplicationCode.o
                0x08000634                roundResetPrompt
 .text.roundReset
                0x0800070c       0x6c ./Core/Src/ApplicationCode.o
                0x0800070c                roundReset
 .text.gameModeDisplay
                0x08000778      0x160 ./Core/Src/ApplicationCode.o
                0x08000778                gameModeDisplay
 .text.connectFour
                0x080008d8       0xb4 ./Core/Src/ApplicationCode.o
                0x080008d8                connectFour
 .text.getCurrentPlayerColor
                0x0800098c       0x30 ./Core/Src/ApplicationCode.o
                0x0800098c                getCurrentPlayerColor
 .text.switchPlayer
                0x080009bc       0x24 ./Core/Src/ApplicationCode.o
                0x080009bc                switchPlayer
 .text.checkWinCondition
                0x080009e0      0x1d8 ./Core/Src/ApplicationCode.o
                0x080009e0                checkWinCondition
 .text.LCD_SetUpBoard
                0x08000bb8       0x68 ./Core/Src/ApplicationCode.o
                0x08000bb8                LCD_SetUpBoard
 .text.GameModeName
                0x08000c20       0xb8 ./Core/Src/ApplicationCode.o
                0x08000c20                GameModeName
 .text.placeChip
                0x08000cd8       0x98 ./Core/Src/ApplicationCode.o
                0x08000cd8                placeChip
 .text.boardFull
                0x08000d70       0x58 ./Core/Src/ApplicationCode.o
                0x08000d70                boardFull
 .text.IntegerToAsciiArray
                0x08000dc8       0xf8 ./Core/Src/ApplicationCode.o
                0x08000dc8                IntegerToAsciiArray
 .text.displayEndScreen
                0x08000ec0      0x2c8 ./Core/Src/ApplicationCode.o
                0x08000ec0                displayEndScreen
 .text.isColumnFull
                0x08001188       0x2c ./Core/Src/ApplicationCode.o
                0x08001188                isColumnFull
 .text.findAvailableRow
                0x080011b4       0x48 ./Core/Src/ApplicationCode.o
                0x080011b4                findAvailableRow
 .text.evaluatePattern
                0x080011fc       0xfc ./Core/Src/ApplicationCode.o
                0x080011fc                evaluatePattern
 .text.evaluateBoard
                0x080012f8       0xf6 ./Core/Src/ApplicationCode.o
                0x080012f8                evaluateBoard
 *fill*         0x080013ee        0x2 
 .text.opponentMove
                0x080013f0       0xa0 ./Core/Src/ApplicationCode.o
                0x080013f0                opponentMove
 .text.singlePlayerMode
                0x08001490      0x21c ./Core/Src/ApplicationCode.o
                0x08001490                singlePlayerMode
 .text.twoPlayerMode
                0x080016ac      0x1b8 ./Core/Src/ApplicationCode.o
                0x080016ac                twoPlayerMode
 .text.EXTI0_IRQHandler
                0x08001864       0x38 ./Core/Src/ApplicationCode.o
                0x08001864                EXTI0_IRQHandler
 .text.Button_Init
                0x0800189c       0x54 ./Core/Src/Button_Driver.o
                0x0800189c                Button_Init
 .text.Gyro_Init
                0x080018f0      0x180 ./Core/Src/Gyro_Driver.o
                0x080018f0                Gyro_Init
 .text.Gyro_GetYAngle
                0x08001a70       0x60 ./Core/Src/Gyro_Driver.o
                0x08001a70                Gyro_GetYAngle
 .text.Gyro_ResetYAngle
                0x08001ad0       0x18 ./Core/Src/Gyro_Driver.o
                0x08001ad0                Gyro_ResetYAngle
 .text.Gyro_PowerOn
                0x08001ae8       0x18 ./Core/Src/Gyro_Driver.o
                0x08001ae8                Gyro_PowerOn
 .text.Gyro_ConfigureRegister
                0x08001b00       0x58 ./Core/Src/Gyro_Driver.o
                0x08001b00                Gyro_ConfigureRegister
 .text.Gyro_ReadRegister
                0x08001b58       0x74 ./Core/Src/Gyro_Driver.o
                0x08001b58                Gyro_ReadRegister
 .text.Gyro_VerifyHALStatus
                0x08001bcc       0x28 ./Core/Src/Gyro_Driver.o
                0x08001bcc                Gyro_VerifyHALStatus
 .text.Gyro_EnableSlaveCommunication
                0x08001bf4       0x18 ./Core/Src/Gyro_Driver.o
                0x08001bf4                Gyro_EnableSlaveCommunication
 .text.Gyro_DisableSlaveCommunication
                0x08001c0c       0x18 ./Core/Src/Gyro_Driver.o
                0x08001c0c                Gyro_DisableSlaveCommunication
 .text.LCD_GPIO_Init
                0x08001c24      0x190 ./Core/Src/LCD_Driver.o
                0x08001c24                LCD_GPIO_Init
 .text.LTCD_Layer_Init
                0x08001db4       0x80 ./Core/Src/LCD_Driver.o
                0x08001db4                LTCD_Layer_Init
 .text.LTCD__Init
                0x08001e34       0xbc ./Core/Src/LCD_Driver.o
                0x08001e34                LTCD__Init
 .text.LCD_Draw_Pixel
                0x08001ef0       0x4c ./Core/Src/LCD_Driver.o
                0x08001ef0                LCD_Draw_Pixel
 .text.LCD_Draw_Circle_Fill
                0x08001f3c       0xa6 ./Core/Src/LCD_Driver.o
                0x08001f3c                LCD_Draw_Circle_Fill
 .text.LCD_Draw_Vertical_Line
                0x08001fe2       0x4e ./Core/Src/LCD_Driver.o
                0x08001fe2                LCD_Draw_Vertical_Line
 .text.LCD_Draw_Horizontal_Line
                0x08002030       0x4e ./Core/Src/LCD_Driver.o
                0x08002030                LCD_Draw_Horizontal_Line
 *fill*         0x0800207e        0x2 
 .text.LCD_Clear
                0x08002080       0x44 ./Core/Src/LCD_Driver.o
                0x08002080                LCD_Clear
 .text.LCD_SetFont
                0x080020c4       0x20 ./Core/Src/LCD_Driver.o
                0x080020c4                LCD_SetFont
 .text.LCD_Draw_Char
                0x080020e4       0xdc ./Core/Src/LCD_Driver.o
                0x080020e4                LCD_Draw_Char
 .text.LCD_DisplayChar
                0x080021c0       0x44 ./Core/Src/LCD_Driver.o
                0x080021c0                LCD_DisplayChar
 .text.LCD_Error_Handler
                0x08002204        0xc ./Core/Src/LCD_Driver.o
                0x08002204                LCD_Error_Handler
 .text.InitializeLCDTouch
                0x08002210       0x16 ./Core/Src/LCD_Driver.o
                0x08002210                InitializeLCDTouch
 .text.returnTouchStateAndLocation
                0x08002226       0x18 ./Core/Src/LCD_Driver.o
                0x08002226                returnTouchStateAndLocation
 *fill*         0x0800223e        0x2 
 .text.Timer_Init
                0x08002240       0x80 ./Core/Src/Timer_Driver.o
                0x08002240                Timer_Init
 .text.Timer_Start
                0x080022c0       0x14 ./Core/Src/Timer_Driver.o
                0x080022c0                Timer_Start
 .text.Timer_Stop
                0x080022d4       0x14 ./Core/Src/Timer_Driver.o
                0x080022d4                Timer_Stop
 .text.Timer_Reset
                0x080022e8       0x1c ./Core/Src/Timer_Driver.o
                0x080022e8                Timer_Reset
 .text.Timer_getTime
                0x08002304       0x20 ./Core/Src/Timer_Driver.o
                0x08002304                Timer_getTime
 .text.Timer_ElapsedTime
                0x08002324       0x44 ./Core/Src/Timer_Driver.o
                0x08002324                Timer_ElapsedTime
 .text.ili9341_Init
                0x08002368      0x294 ./Core/Src/ili9341.o
                0x08002368                ili9341_Init
 .text.ili9341_Write_Reg
                0x080025fc       0x1a ./Core/Src/ili9341.o
                0x080025fc                ili9341_Write_Reg
 .text.ili9341_Send_Data
                0x08002616       0x1a ./Core/Src/ili9341.o
                0x08002616                ili9341_Send_Data
 .text.SPI_Init
                0x08002630       0x74 ./Core/Src/ili9341.o
 .text.SPI_Write
                0x080026a4       0x3c ./Core/Src/ili9341.o
 .text.SPI_Error
                0x080026e0       0x18 ./Core/Src/ili9341.o
 .text.SPI_MspInit
                0x080026f8       0x74 ./Core/Src/ili9341.o
 .text.LCD_IO_Init
                0x0800276c       0xf0 ./Core/Src/ili9341.o
                0x0800276c                LCD_IO_Init
 .text.LCD_IO_WriteData
                0x0800285c       0x44 ./Core/Src/ili9341.o
                0x0800285c                LCD_IO_WriteData
 .text.LCD_IO_WriteReg
                0x080028a0       0x44 ./Core/Src/ili9341.o
                0x080028a0                LCD_IO_WriteReg
 .text.LCD_Delay
                0x080028e4       0x16 ./Core/Src/ili9341.o
                0x080028e4                LCD_Delay
 .text.main     0x080028fa       0x30 ./Core/Src/main.o
                0x080028fa                main
 *fill*         0x0800292a        0x2 
 .text.SystemClock_Config
                0x0800292c       0xd4 ./Core/Src/main.o
                0x0800292c                SystemClock_Config
 .text.MX_I2C3_Init
                0x08002a00       0x80 ./Core/Src/main.o
 .text.MX_LTDC_Init
                0x08002a80      0x164 ./Core/Src/main.o
 .text.MX_RNG_Init
                0x08002be4       0x28 ./Core/Src/main.o
 .text.MX_SPI5_Init
                0x08002c0c       0x6c ./Core/Src/main.o
 .text.MX_TIM2_Init
                0x08002c78       0x98 ./Core/Src/main.o
 .text.MX_GPIO_Init
                0x08002d10      0x35c ./Core/Src/main.o
 .text.Error_Handler
                0x0800306c        0xc ./Core/Src/main.o
                0x0800306c                Error_Handler
 .text.HAL_MspInit
                0x08003078       0x50 ./Core/Src/stm32f4xx_hal_msp.o
                0x08003078                HAL_MspInit
 .text.HAL_I2C_MspInit
                0x080030c8       0xd4 ./Core/Src/stm32f4xx_hal_msp.o
                0x080030c8                HAL_I2C_MspInit
 .text.HAL_LTDC_MspInit
                0x0800319c      0x250 ./Core/Src/stm32f4xx_hal_msp.o
                0x0800319c                HAL_LTDC_MspInit
 .text.HAL_RNG_MspInit
                0x080033ec       0x44 ./Core/Src/stm32f4xx_hal_msp.o
                0x080033ec                HAL_RNG_MspInit
 .text.HAL_SPI_MspInit
                0x08003430       0x90 ./Core/Src/stm32f4xx_hal_msp.o
                0x08003430                HAL_SPI_MspInit
 .text.HAL_SPI_MspDeInit
                0x080034c0       0x3c ./Core/Src/stm32f4xx_hal_msp.o
                0x080034c0                HAL_SPI_MspDeInit
 .text.HAL_TIM_Base_MspInit
                0x080034fc       0x40 ./Core/Src/stm32f4xx_hal_msp.o
                0x080034fc                HAL_TIM_Base_MspInit
 .text.NMI_Handler
                0x0800353c        0x8 ./Core/Src/stm32f4xx_it.o
                0x0800353c                NMI_Handler
 .text.HardFault_Handler
                0x08003544        0x8 ./Core/Src/stm32f4xx_it.o
                0x08003544                HardFault_Handler
 .text.MemManage_Handler
                0x0800354c        0x8 ./Core/Src/stm32f4xx_it.o
                0x0800354c                MemManage_Handler
 .text.BusFault_Handler
                0x08003554        0x8 ./Core/Src/stm32f4xx_it.o
                0x08003554                BusFault_Handler
 .text.UsageFault_Handler
                0x0800355c        0x8 ./Core/Src/stm32f4xx_it.o
                0x0800355c                UsageFault_Handler
 .text.SVC_Handler
                0x08003564        0xe ./Core/Src/stm32f4xx_it.o
                0x08003564                SVC_Handler
 .text.DebugMon_Handler
                0x08003572        0xe ./Core/Src/stm32f4xx_it.o
                0x08003572                DebugMon_Handler
 .text.PendSV_Handler
                0x08003580        0xe ./Core/Src/stm32f4xx_it.o
                0x08003580                PendSV_Handler
 .text.SysTick_Handler
                0x0800358e        0xc ./Core/Src/stm32f4xx_it.o
                0x0800358e                SysTick_Handler
 .text.STMPE811_Init
                0x0800359a      0x14e ./Core/Src/stmpe811.o
                0x0800359a                STMPE811_Init
 .text.STMPE811_Read
                0x080036e8       0x22 ./Core/Src/stmpe811.o
                0x080036e8                STMPE811_Read
 .text.STMPE811_ReadTouch
                0x0800370a      0x194 ./Core/Src/stmpe811.o
                0x0800370a                STMPE811_ReadTouch
 *fill*         0x0800389e        0x2 
 .text.verifyHAL_I2C_IS_OKAY
                0x080038a0       0x20 ./Core/Src/stmpe811.o
                0x080038a0                verifyHAL_I2C_IS_OKAY
 .text.I2C3_Init
                0x080038c0       0x7c ./Core/Src/stmpe811.o
 .text.I2C3_MspInit
                0x0800393c       0xa8 ./Core/Src/stmpe811.o
 .text.I2C3_Write
                0x080039e4       0x54 ./Core/Src/stmpe811.o
                0x080039e4                I2C3_Write
 .text.I2C3_Read
                0x08003a38       0x4c ./Core/Src/stmpe811.o
                0x08003a38                I2C3_Read
 .text.I2C3_MulitByteRead
                0x08003a84       0x44 ./Core/Src/stmpe811.o
                0x08003a84                I2C3_MulitByteRead
 .text.TM_STMPE811_ReadX
                0x08003ac8       0xc0 ./Core/Src/stmpe811.o
                0x08003ac8                TM_STMPE811_ReadX
 .text.TM_STMPE811_ReadY
                0x08003b88       0xa4 ./Core/Src/stmpe811.o
                0x08003b88                TM_STMPE811_ReadY
 .text.initialise_monitor_handles
                0x08003c2c        0xe ./Core/Src/syscalls.o
                0x08003c2c                initialise_monitor_handles
 .text._read    0x08003c3a       0x3a ./Core/Src/syscalls.o
                0x08003c3a                _read
 .text._write   0x08003c74       0x38 ./Core/Src/syscalls.o
                0x08003c74                _write
 .text._close   0x08003cac       0x18 ./Core/Src/syscalls.o
                0x08003cac                _close
 .text._fstat   0x08003cc4       0x20 ./Core/Src/syscalls.o
                0x08003cc4                _fstat
 .text._isatty  0x08003ce4       0x16 ./Core/Src/syscalls.o
                0x08003ce4                _isatty
 .text._lseek   0x08003cfa       0x1a ./Core/Src/syscalls.o
                0x08003cfa                _lseek
 .text._sbrk    0x08003d14       0x6c ./Core/Src/sysmem.o
                0x08003d14                _sbrk
 .text.SystemInit
                0x08003d80       0x24 ./Core/Src/system_stm32f4xx.o
                0x08003d80                SystemInit
 .text.Reset_Handler
                0x08003da4       0x50 ./Core/Startup/startup_stm32f429zitx.o
                0x08003da4                Reset_Handler
 .text.Default_Handler
                0x08003df4        0x2 ./Core/Startup/startup_stm32f429zitx.o
                0x08003df4                RTC_Alarm_IRQHandler
                0x08003df4                HASH_RNG_IRQHandler
                0x08003df4                EXTI2_IRQHandler
                0x08003df4                TIM8_CC_IRQHandler
                0x08003df4                UART8_IRQHandler
                0x08003df4                SPI4_IRQHandler
                0x08003df4                TIM1_CC_IRQHandler
                0x08003df4                DMA2_Stream5_IRQHandler
                0x08003df4                DMA1_Stream5_IRQHandler
                0x08003df4                PVD_IRQHandler
                0x08003df4                SDIO_IRQHandler
                0x08003df4                TAMP_STAMP_IRQHandler
                0x08003df4                CAN2_RX1_IRQHandler
                0x08003df4                EXTI3_IRQHandler
                0x08003df4                TIM8_TRG_COM_TIM14_IRQHandler
                0x08003df4                TIM1_UP_TIM10_IRQHandler
                0x08003df4                TIM8_UP_TIM13_IRQHandler
                0x08003df4                I2C3_ER_IRQHandler
                0x08003df4                I2C2_EV_IRQHandler
                0x08003df4                DMA1_Stream2_IRQHandler
                0x08003df4                CAN1_RX0_IRQHandler
                0x08003df4                FPU_IRQHandler
                0x08003df4                OTG_HS_WKUP_IRQHandler
                0x08003df4                LTDC_ER_IRQHandler
                0x08003df4                CAN2_SCE_IRQHandler
                0x08003df4                DMA2_Stream2_IRQHandler
                0x08003df4                SPI1_IRQHandler
                0x08003df4                TIM6_DAC_IRQHandler
                0x08003df4                TIM1_BRK_TIM9_IRQHandler
                0x08003df4                DCMI_IRQHandler
                0x08003df4                CAN2_RX0_IRQHandler
                0x08003df4                DMA2_Stream3_IRQHandler
                0x08003df4                USART6_IRQHandler
                0x08003df4                USART3_IRQHandler
                0x08003df4                CAN1_RX1_IRQHandler
                0x08003df4                UART5_IRQHandler
                0x08003df4                DMA2_Stream0_IRQHandler
                0x08003df4                TIM4_IRQHandler
                0x08003df4                I2C1_EV_IRQHandler
                0x08003df4                DMA1_Stream6_IRQHandler
                0x08003df4                DMA1_Stream1_IRQHandler
                0x08003df4                UART4_IRQHandler
                0x08003df4                TIM3_IRQHandler
                0x08003df4                RCC_IRQHandler
                0x08003df4                TIM8_BRK_TIM12_IRQHandler
                0x08003df4                Default_Handler
                0x08003df4                EXTI15_10_IRQHandler
                0x08003df4                ADC_IRQHandler
                0x08003df4                DMA1_Stream7_IRQHandler
                0x08003df4                SPI5_IRQHandler
                0x08003df4                TIM7_IRQHandler
                0x08003df4                CAN2_TX_IRQHandler
                0x08003df4                TIM5_IRQHandler
                0x08003df4                DMA2_Stream7_IRQHandler
                0x08003df4                I2C3_EV_IRQHandler
                0x08003df4                EXTI9_5_IRQHandler
                0x08003df4                RTC_WKUP_IRQHandler
                0x08003df4                LTDC_IRQHandler
                0x08003df4                ETH_WKUP_IRQHandler
                0x08003df4                SPI2_IRQHandler
                0x08003df4                OTG_HS_EP1_IN_IRQHandler
                0x08003df4                DMA1_Stream0_IRQHandler
                0x08003df4                CAN1_TX_IRQHandler
                0x08003df4                EXTI4_IRQHandler
                0x08003df4                ETH_IRQHandler
                0x08003df4                OTG_HS_EP1_OUT_IRQHandler
                0x08003df4                WWDG_IRQHandler
                0x08003df4                SPI6_IRQHandler
                0x08003df4                TIM2_IRQHandler
                0x08003df4                OTG_FS_WKUP_IRQHandler
                0x08003df4                TIM1_TRG_COM_TIM11_IRQHandler
                0x08003df4                OTG_HS_IRQHandler
                0x08003df4                DMA2D_IRQHandler
                0x08003df4                EXTI1_IRQHandler
                0x08003df4                UART7_IRQHandler
                0x08003df4                USART2_IRQHandler
                0x08003df4                I2C2_ER_IRQHandler
                0x08003df4                DMA2_Stream1_IRQHandler
                0x08003df4                CAN1_SCE_IRQHandler
                0x08003df4                FLASH_IRQHandler
                0x08003df4                DMA2_Stream4_IRQHandler
                0x08003df4                USART1_IRQHandler
                0x08003df4                OTG_FS_IRQHandler
                0x08003df4                SPI3_IRQHandler
                0x08003df4                DMA1_Stream4_IRQHandler
                0x08003df4                I2C1_ER_IRQHandler
                0x08003df4                FMC_IRQHandler
                0x08003df4                DMA2_Stream6_IRQHandler
                0x08003df4                SAI1_IRQHandler
                0x08003df4                DMA1_Stream3_IRQHandler
 *fill*         0x08003df6        0x2 
 .text.HAL_Init
                0x08003df8       0x44 ./Drivers/STM32F4xx_HAL_Driver/Src/stm32f4xx_hal.o
                0x08003df8                HAL_Init
 .text.HAL_InitTick
                0x08003e3c       0x60 ./Drivers/STM32F4xx_HAL_Driver/Src/stm32f4xx_hal.o
                0x08003e3c                HAL_InitTick
 .text.HAL_IncTick
                0x08003e9c       0x28 ./Drivers/STM32F4xx_HAL_Driver/Src/stm32f4xx_hal.o
                0x08003e9c                HAL_IncTick
 .text.HAL_GetTick
                0x08003ec4       0x18 ./Drivers/STM32F4xx_HAL_Driver/Src/stm32f4xx_hal.o
                0x08003ec4                HAL_GetTick
 .text.HAL_Delay
                0x08003edc       0x48 ./Drivers/STM32F4xx_HAL_Driver/Src/stm32f4xx_hal.o
                0x08003edc                HAL_Delay
 .text.__NVIC_SetPriorityGrouping
                0x08003f24       0x48 ./Drivers/STM32F4xx_HAL_Driver/Src/stm32f4xx_hal_cortex.o
 .text.__NVIC_GetPriorityGrouping
                0x08003f6c       0x1c ./Drivers/STM32F4xx_HAL_Driver/Src/stm32f4xx_hal_cortex.o
 .text.__NVIC_EnableIRQ
                0x08003f88       0x3c ./Drivers/STM32F4xx_HAL_Driver/Src/stm32f4xx_hal_cortex.o
 .text.__NVIC_DisableIRQ
                0x08003fc4       0x48 ./Drivers/STM32F4xx_HAL_Driver/Src/stm32f4xx_hal_cortex.o
 .text.__NVIC_SetPriority
                0x0800400c       0x54 ./Drivers/STM32F4xx_HAL_Driver/Src/stm32f4xx_hal_cortex.o
 .text.NVIC_EncodePriority
                0x08004060       0x66 ./Drivers/STM32F4xx_HAL_Driver/Src/stm32f4xx_hal_cortex.o
 *fill*         0x080040c6        0x2 
 .text.SysTick_Config
                0x080040c8       0x44 ./Drivers/STM32F4xx_HAL_Driver/Src/stm32f4xx_hal_cortex.o
 .text.HAL_NVIC_SetPriorityGrouping
                0x0800410c       0x16 ./Drivers/STM32F4xx_HAL_Driver/Src/stm32f4xx_hal_cortex.o
                0x0800410c                HAL_NVIC_SetPriorityGrouping
 .text.HAL_NVIC_SetPriority
                0x08004122       0x38 ./Drivers/STM32F4xx_HAL_Driver/Src/stm32f4xx_hal_cortex.o
                0x08004122                HAL_NVIC_SetPriority
 .text.HAL_NVIC_EnableIRQ
                0x0800415a       0x1c ./Drivers/STM32F4xx_HAL_Driver/Src/stm32f4xx_hal_cortex.o
                0x0800415a                HAL_NVIC_EnableIRQ
 .text.HAL_NVIC_DisableIRQ
                0x08004176       0x1c ./Drivers/STM32F4xx_HAL_Driver/Src/stm32f4xx_hal_cortex.o
                0x08004176                HAL_NVIC_DisableIRQ
 .text.HAL_SYSTICK_Config
                0x08004192       0x18 ./Drivers/STM32F4xx_HAL_Driver/Src/stm32f4xx_hal_cortex.o
                0x08004192                HAL_SYSTICK_Config
 *fill*         0x080041aa        0x2 
 .text.HAL_GPIO_Init
                0x080041ac      0x358 ./Drivers/STM32F4xx_HAL_Driver/Src/stm32f4xx_hal_gpio.o
                0x080041ac                HAL_GPIO_Init
 .text.HAL_GPIO_DeInit
                0x08004504      0x218 ./Drivers/STM32F4xx_HAL_Driver/Src/stm32f4xx_hal_gpio.o
                0x08004504                HAL_GPIO_DeInit
 .text.HAL_GPIO_ReadPin
                0x0800471c       0x30 ./Drivers/STM32F4xx_HAL_Driver/Src/stm32f4xx_hal_gpio.o
                0x0800471c                HAL_GPIO_ReadPin
 .text.HAL_GPIO_WritePin
                0x0800474c       0x32 ./Drivers/STM32F4xx_HAL_Driver/Src/stm32f4xx_hal_gpio.o
                0x0800474c                HAL_GPIO_WritePin
 *fill*         0x0800477e        0x2 
 .text.HAL_I2C_Init
                0x08004780      0x288 ./Drivers/STM32F4xx_HAL_Driver/Src/stm32f4xx_hal_i2c.o
                0x08004780                HAL_I2C_Init
 .text.HAL_I2C_Mem_Write
                0x08004a08      0x1f4 ./Drivers/STM32F4xx_HAL_Driver/Src/stm32f4xx_hal_i2c.o
                0x08004a08                HAL_I2C_Mem_Write
 .text.HAL_I2C_Mem_Read
                0x08004bfc      0x464 ./Drivers/STM32F4xx_HAL_Driver/Src/stm32f4xx_hal_i2c.o
                0x08004bfc                HAL_I2C_Mem_Read
 .text.I2C_RequestMemoryWrite
                0x08005060      0x12c ./Drivers/STM32F4xx_HAL_Driver/Src/stm32f4xx_hal_i2c.o
 .text.I2C_RequestMemoryRead
                0x0800518c      0x1d0 ./Drivers/STM32F4xx_HAL_Driver/Src/stm32f4xx_hal_i2c.o
 .text.I2C_WaitOnFlagUntilTimeout
                0x0800535c       0xf4 ./Drivers/STM32F4xx_HAL_Driver/Src/stm32f4xx_hal_i2c.o
 .text.I2C_WaitOnMasterAddressFlagUntilTimeout
                0x08005450      0x140 ./Drivers/STM32F4xx_HAL_Driver/Src/stm32f4xx_hal_i2c.o
 .text.I2C_WaitOnTXEFlagUntilTimeout
                0x08005590       0x90 ./Drivers/STM32F4xx_HAL_Driver/Src/stm32f4xx_hal_i2c.o
 .text.I2C_WaitOnBTFFlagUntilTimeout
                0x08005620       0x90 ./Drivers/STM32F4xx_HAL_Driver/Src/stm32f4xx_hal_i2c.o
 .text.I2C_WaitOnRXNEFlagUntilTimeout
                0x080056b0       0xba ./Drivers/STM32F4xx_HAL_Driver/Src/stm32f4xx_hal_i2c.o
 .text.I2C_IsAcknowledgeFailed
                0x0800576a       0x5e ./Drivers/STM32F4xx_HAL_Driver/Src/stm32f4xx_hal_i2c.o
 .text.HAL_I2CEx_ConfigAnalogFilter
                0x080057c8       0x78 ./Drivers/STM32F4xx_HAL_Driver/Src/stm32f4xx_hal_i2c_ex.o
                0x080057c8                HAL_I2CEx_ConfigAnalogFilter
 .text.HAL_I2CEx_ConfigDigitalFilter
                0x08005840       0x7e ./Drivers/STM32F4xx_HAL_Driver/Src/stm32f4xx_hal_i2c_ex.o
                0x08005840                HAL_I2CEx_ConfigDigitalFilter
 *fill*         0x080058be        0x2 
 .text.HAL_LTDC_Init
                0x080058c0      0x1a0 ./Drivers/STM32F4xx_HAL_Driver/Src/stm32f4xx_hal_ltdc.o
                0x080058c0                HAL_LTDC_Init
 .text.HAL_LTDC_ConfigLayer
                0x08005a60       0x7c ./Drivers/STM32F4xx_HAL_Driver/Src/stm32f4xx_hal_ltdc.o
                0x08005a60                HAL_LTDC_ConfigLayer
 .text.LTDC_SetConfig
                0x08005adc      0x32e ./Drivers/STM32F4xx_HAL_Driver/Src/stm32f4xx_hal_ltdc.o
 *fill*         0x08005e0a        0x2 
 .text.HAL_RCC_OscConfig
                0x08005e0c      0x4f0 ./Drivers/STM32F4xx_HAL_Driver/Src/stm32f4xx_hal_rcc.o
                0x08005e0c                HAL_RCC_OscConfig
 .text.HAL_RCC_ClockConfig
                0x080062fc      0x1cc ./Drivers/STM32F4xx_HAL_Driver/Src/stm32f4xx_hal_rcc.o
                0x080062fc                HAL_RCC_ClockConfig
 .text.HAL_RCC_GetSysClockFreq
                0x080064c8      0x20c ./Drivers/STM32F4xx_HAL_Driver/Src/stm32f4xx_hal_rcc.o
                0x080064c8                HAL_RCC_GetSysClockFreq
 .text.HAL_RCC_GetHCLKFreq
                0x080066d4       0x18 ./Drivers/STM32F4xx_HAL_Driver/Src/stm32f4xx_hal_rcc.o
                0x080066d4                HAL_RCC_GetHCLKFreq
 .text.HAL_RCC_GetPCLK1Freq
                0x080066ec       0x28 ./Drivers/STM32F4xx_HAL_Driver/Src/stm32f4xx_hal_rcc.o
                0x080066ec                HAL_RCC_GetPCLK1Freq
 .text.HAL_RCCEx_PeriphCLKConfig
                0x08006714      0x380 ./Drivers/STM32F4xx_HAL_Driver/Src/stm32f4xx_hal_rcc_ex.o
                0x08006714                HAL_RCCEx_PeriphCLKConfig
 .text.HAL_RNG_Init
                0x08006a94       0x54 ./Drivers/STM32F4xx_HAL_Driver/Src/stm32f4xx_hal_rng.o
                0x08006a94                HAL_RNG_Init
 .text.HAL_SPI_Init
                0x08006ae8      0x112 ./Drivers/STM32F4xx_HAL_Driver/Src/stm32f4xx_hal_spi.o
                0x08006ae8                HAL_SPI_Init
 .text.HAL_SPI_DeInit
                0x08006bfa       0x50 ./Drivers/STM32F4xx_HAL_Driver/Src/stm32f4xx_hal_spi.o
                0x08006bfa                HAL_SPI_DeInit
 .text.HAL_SPI_Transmit
                0x08006c4a      0x288 ./Drivers/STM32F4xx_HAL_Driver/Src/stm32f4xx_hal_spi.o
                0x08006c4a                HAL_SPI_Transmit
 .text.HAL_SPI_TransmitReceive
                0x08006ed2      0x352 ./Drivers/STM32F4xx_HAL_Driver/Src/stm32f4xx_hal_spi.o
                0x08006ed2                HAL_SPI_TransmitReceive
 .text.HAL_SPI_GetState
                0x08007224       0x1c ./Drivers/STM32F4xx_HAL_Driver/Src/stm32f4xx_hal_spi.o
                0x08007224                HAL_SPI_GetState
 .text.SPI_WaitFlagStateUntilTimeout
                0x08007240      0x110 ./Drivers/STM32F4xx_HAL_Driver/Src/stm32f4xx_hal_spi.o
 .text.SPI_EndRxTxTransaction
                0x08007350       0xa8 ./Drivers/STM32F4xx_HAL_Driver/Src/stm32f4xx_hal_spi.o
 .text.HAL_TIM_Base_Init
                0x080073f8       0x9e ./Drivers/STM32F4xx_HAL_Driver/Src/stm32f4xx_hal_tim.o
                0x080073f8                HAL_TIM_Base_Init
 *fill*         0x08007496        0x2 
 .text.HAL_TIM_Base_Start
                0x08007498       0xd0 ./Drivers/STM32F4xx_HAL_Driver/Src/stm32f4xx_hal_tim.o
                0x08007498                HAL_TIM_Base_Start
 .text.HAL_TIM_Base_Stop
                0x08007568       0x4e ./Drivers/STM32F4xx_HAL_Driver/Src/stm32f4xx_hal_tim.o
                0x08007568                HAL_TIM_Base_Stop
 .text.HAL_TIM_ConfigClockSource
                0x080075b6      0x18e ./Drivers/STM32F4xx_HAL_Driver/Src/stm32f4xx_hal_tim.o
                0x080075b6                HAL_TIM_ConfigClockSource
 .text.TIM_Base_SetConfig
                0x08007744      0x158 ./Drivers/STM32F4xx_HAL_Driver/Src/stm32f4xx_hal_tim.o
                0x08007744                TIM_Base_SetConfig
 .text.TIM_TI1_ConfigInputStage
                0x0800789c       0x5e ./Drivers/STM32F4xx_HAL_Driver/Src/stm32f4xx_hal_tim.o
 .text.TIM_TI2_ConfigInputStage
                0x080078fa       0x60 ./Drivers/STM32F4xx_HAL_Driver/Src/stm32f4xx_hal_tim.o
 .text.TIM_ITRx_SetConfig
                0x0800795a       0x36 ./Drivers/STM32F4xx_HAL_Driver/Src/stm32f4xx_hal_tim.o
 .text.TIM_ETR_SetConfig
                0x08007990       0x40 ./Drivers/STM32F4xx_HAL_Driver/Src/stm32f4xx_hal_tim.o
                0x08007990                TIM_ETR_SetConfig
 .text.HAL_TIMEx_MasterConfigSynchronization
                0x080079d0       0xf8 ./Drivers/STM32F4xx_HAL_Driver/Src/stm32f4xx_hal_tim_ex.o
                0x080079d0                HAL_TIMEx_MasterConfigSynchronization
 .text.malloc   0x08007ac8       0x10 C:/ST/STM32CubeIDE_1.17.0/STM32CubeIDE/plugins/com.st.stm32cube.ide.mcu.externaltools.gnu-tools-for-stm32.13.3.rel1.win32_1.0.0.202411081344/tools/bin/../lib/gcc/arm-none-eabi/13.3.1/../../../../arm-none-eabi/lib/thumb/v7e-m+fp/hard\libc_nano.a(libc_a-malloc.o)
                0x08007ac8                malloc
 .text.free     0x08007ad8       0x10 C:/ST/STM32CubeIDE_1.17.0/STM32CubeIDE/plugins/com.st.stm32cube.ide.mcu.externaltools.gnu-tools-for-stm32.13.3.rel1.win32_1.0.0.202411081344/tools/bin/../lib/gcc/arm-none-eabi/13.3.1/../../../../arm-none-eabi/lib/thumb/v7e-m+fp/hard\libc_nano.a(libc_a-malloc.o)
                0x08007ad8                free
 .text.sbrk_aligned
                0x08007ae8       0x44 C:/ST/STM32CubeIDE_1.17.0/STM32CubeIDE/plugins/com.st.stm32cube.ide.mcu.externaltools.gnu-tools-for-stm32.13.3.rel1.win32_1.0.0.202411081344/tools/bin/../lib/gcc/arm-none-eabi/13.3.1/../../../../arm-none-eabi/lib/thumb/v7e-m+fp/hard\libc_nano.a(libc_a-mallocr.o)
 .text._malloc_r
                0x08007b2c      0x100 C:/ST/STM32CubeIDE_1.17.0/STM32CubeIDE/plugins/com.st.stm32cube.ide.mcu.externaltools.gnu-tools-for-stm32.13.3.rel1.win32_1.0.0.202411081344/tools/bin/../lib/gcc/arm-none-eabi/13.3.1/../../../../arm-none-eabi/lib/thumb/v7e-m+fp/hard\libc_nano.a(libc_a-mallocr.o)
                0x08007b2c                _malloc_r
 .text.__malloc_lock
                0x08007c2c        0xc C:/ST/STM32CubeIDE_1.17.0/STM32CubeIDE/plugins/com.st.stm32cube.ide.mcu.externaltools.gnu-tools-for-stm32.13.3.rel1.win32_1.0.0.202411081344/tools/bin/../lib/gcc/arm-none-eabi/13.3.1/../../../../arm-none-eabi/lib/thumb/v7e-m+fp/hard\libc_nano.a(libc_a-mlock.o)
                0x08007c2c                __malloc_lock
 .text.__malloc_unlock
                0x08007c38        0xc C:/ST/STM32CubeIDE_1.17.0/STM32CubeIDE/plugins/com.st.stm32cube.ide.mcu.externaltools.gnu-tools-for-stm32.13.3.rel1.win32_1.0.0.202411081344/tools/bin/../lib/gcc/arm-none-eabi/13.3.1/../../../../arm-none-eabi/lib/thumb/v7e-m+fp/hard\libc_nano.a(libc_a-mlock.o)
                0x08007c38                __malloc_unlock
 .text.std      0x08007c44       0x6c C:/ST/STM32CubeIDE_1.17.0/STM32CubeIDE/plugins/com.st.stm32cube.ide.mcu.externaltools.gnu-tools-for-stm32.13.3.rel1.win32_1.0.0.202411081344/tools/bin/../lib/gcc/arm-none-eabi/13.3.1/../../../../arm-none-eabi/lib/thumb/v7e-m+fp/hard\libc_nano.a(libc_a-findfp.o)
 .text.stdio_exit_handler
                0x08007cb0       0x18 C:/ST/STM32CubeIDE_1.17.0/STM32CubeIDE/plugins/com.st.stm32cube.ide.mcu.externaltools.gnu-tools-for-stm32.13.3.rel1.win32_1.0.0.202411081344/tools/bin/../lib/gcc/arm-none-eabi/13.3.1/../../../../arm-none-eabi/lib/thumb/v7e-m+fp/hard\libc_nano.a(libc_a-findfp.o)
 .text.cleanup_stdio
                0x08007cc8       0x40 C:/ST/STM32CubeIDE_1.17.0/STM32CubeIDE/plugins/com.st.stm32cube.ide.mcu.externaltools.gnu-tools-for-stm32.13.3.rel1.win32_1.0.0.202411081344/tools/bin/../lib/gcc/arm-none-eabi/13.3.1/../../../../arm-none-eabi/lib/thumb/v7e-m+fp/hard\libc_nano.a(libc_a-findfp.o)
 .text.global_stdio_init.part.0
                0x08007d08       0x3c C:/ST/STM32CubeIDE_1.17.0/STM32CubeIDE/plugins/com.st.stm32cube.ide.mcu.externaltools.gnu-tools-for-stm32.13.3.rel1.win32_1.0.0.202411081344/tools/bin/../lib/gcc/arm-none-eabi/13.3.1/../../../../arm-none-eabi/lib/thumb/v7e-m+fp/hard\libc_nano.a(libc_a-findfp.o)
 .text.__sfp_lock_acquire
                0x08007d44        0xc C:/ST/STM32CubeIDE_1.17.0/STM32CubeIDE/plugins/com.st.stm32cube.ide.mcu.externaltools.gnu-tools-for-stm32.13.3.rel1.win32_1.0.0.202411081344/tools/bin/../lib/gcc/arm-none-eabi/13.3.1/../../../../arm-none-eabi/lib/thumb/v7e-m+fp/hard\libc_nano.a(libc_a-findfp.o)
                0x08007d44                __sfp_lock_acquire
 .text.__sfp_lock_release
                0x08007d50        0xc C:/ST/STM32CubeIDE_1.17.0/STM32CubeIDE/plugins/com.st.stm32cube.ide.mcu.externaltools.gnu-tools-for-stm32.13.3.rel1.win32_1.0.0.202411081344/tools/bin/../lib/gcc/arm-none-eabi/13.3.1/../../../../arm-none-eabi/lib/thumb/v7e-m+fp/hard\libc_nano.a(libc_a-findfp.o)
                0x08007d50                __sfp_lock_release
 .text.__sinit  0x08007d5c       0x30 C:/ST/STM32CubeIDE_1.17.0/STM32CubeIDE/plugins/com.st.stm32cube.ide.mcu.externaltools.gnu-tools-for-stm32.13.3.rel1.win32_1.0.0.202411081344/tools/bin/../lib/gcc/arm-none-eabi/13.3.1/../../../../arm-none-eabi/lib/thumb/v7e-m+fp/hard\libc_nano.a(libc_a-findfp.o)
                0x08007d5c                __sinit
 .text._fwalk_sglue
                0x08007d8c       0x3c C:/ST/STM32CubeIDE_1.17.0/STM32CubeIDE/plugins/com.st.stm32cube.ide.mcu.externaltools.gnu-tools-for-stm32.13.3.rel1.win32_1.0.0.202411081344/tools/bin/../lib/gcc/arm-none-eabi/13.3.1/../../../../arm-none-eabi/lib/thumb/v7e-m+fp/hard\libc_nano.a(libc_a-fwalk.o)
                0x08007d8c                _fwalk_sglue
 .text.printf   0x08007dc8       0x24 C:/ST/STM32CubeIDE_1.17.0/STM32CubeIDE/plugins/com.st.stm32cube.ide.mcu.externaltools.gnu-tools-for-stm32.13.3.rel1.win32_1.0.0.202411081344/tools/bin/../lib/gcc/arm-none-eabi/13.3.1/../../../../arm-none-eabi/lib/thumb/v7e-m+fp/hard\libc_nano.a(libc_a-printf.o)
                0x08007dc8                iprintf
                0x08007dc8                printf
 .text._puts_r  0x08007dec       0xaa C:/ST/STM32CubeIDE_1.17.0/STM32CubeIDE/plugins/com.st.stm32cube.ide.mcu.externaltools.gnu-tools-for-stm32.13.3.rel1.win32_1.0.0.202411081344/tools/bin/../lib/gcc/arm-none-eabi/13.3.1/../../../../arm-none-eabi/lib/thumb/v7e-m+fp/hard\libc_nano.a(libc_a-puts.o)
                0x08007dec                _puts_r
 *fill*         0x08007e96        0x2 
 .text.puts     0x08007e98       0x10 C:/ST/STM32CubeIDE_1.17.0/STM32CubeIDE/plugins/com.st.stm32cube.ide.mcu.externaltools.gnu-tools-for-stm32.13.3.rel1.win32_1.0.0.202411081344/tools/bin/../lib/gcc/arm-none-eabi/13.3.1/../../../../arm-none-eabi/lib/thumb/v7e-m+fp/hard\libc_nano.a(libc_a-puts.o)
                0x08007e98                puts
 .text.__sread  0x08007ea8       0x22 C:/ST/STM32CubeIDE_1.17.0/STM32CubeIDE/plugins/com.st.stm32cube.ide.mcu.externaltools.gnu-tools-for-stm32.13.3.rel1.win32_1.0.0.202411081344/tools/bin/../lib/gcc/arm-none-eabi/13.3.1/../../../../arm-none-eabi/lib/thumb/v7e-m+fp/hard\libc_nano.a(libc_a-stdio.o)
                0x08007ea8                __sread
 .text.__swrite
                0x08007eca       0x38 C:/ST/STM32CubeIDE_1.17.0/STM32CubeIDE/plugins/com.st.stm32cube.ide.mcu.externaltools.gnu-tools-for-stm32.13.3.rel1.win32_1.0.0.202411081344/tools/bin/../lib/gcc/arm-none-eabi/13.3.1/../../../../arm-none-eabi/lib/thumb/v7e-m+fp/hard\libc_nano.a(libc_a-stdio.o)
                0x08007eca                __swrite
 .text.__sseek  0x08007f02       0x24 C:/ST/STM32CubeIDE_1.17.0/STM32CubeIDE/plugins/com.st.stm32cube.ide.mcu.externaltools.gnu-tools-for-stm32.13.3.rel1.win32_1.0.0.202411081344/tools/bin/../lib/gcc/arm-none-eabi/13.3.1/../../../../arm-none-eabi/lib/thumb/v7e-m+fp/hard\libc_nano.a(libc_a-stdio.o)
                0x08007f02                __sseek
 .text.__sclose
                0x08007f26        0x8 C:/ST/STM32CubeIDE_1.17.0/STM32CubeIDE/plugins/com.st.stm32cube.ide.mcu.externaltools.gnu-tools-for-stm32.13.3.rel1.win32_1.0.0.202411081344/tools/bin/../lib/gcc/arm-none-eabi/13.3.1/../../../../arm-none-eabi/lib/thumb/v7e-m+fp/hard\libc_nano.a(libc_a-stdio.o)
                0x08007f26                __sclose
 .text.__swbuf_r
                0x08007f2e       0x7c C:/ST/STM32CubeIDE_1.17.0/STM32CubeIDE/plugins/com.st.stm32cube.ide.mcu.externaltools.gnu-tools-for-stm32.13.3.rel1.win32_1.0.0.202411081344/tools/bin/../lib/gcc/arm-none-eabi/13.3.1/../../../../arm-none-eabi/lib/thumb/v7e-m+fp/hard\libc_nano.a(libc_a-wbuf.o)
                0x08007f2e                __swbuf_r
 *fill*         0x08007faa        0x2 
 .text.__swsetup_r
                0x08007fac       0xac C:/ST/STM32CubeIDE_1.17.0/STM32CubeIDE/plugins/com.st.stm32cube.ide.mcu.externaltools.gnu-tools-for-stm32.13.3.rel1.win32_1.0.0.202411081344/tools/bin/../lib/gcc/arm-none-eabi/13.3.1/../../../../arm-none-eabi/lib/thumb/v7e-m+fp/hard\libc_nano.a(libc_a-wsetup.o)
                0x08007fac                __swsetup_r
 .text.memset   0x08008058       0x10 C:/ST/STM32CubeIDE_1.17.0/STM32CubeIDE/plugins/com.st.stm32cube.ide.mcu.externaltools.gnu-tools-for-stm32.13.3.rel1.win32_1.0.0.202411081344/tools/bin/../lib/gcc/arm-none-eabi/13.3.1/../../../../arm-none-eabi/lib/thumb/v7e-m+fp/hard\libc_nano.a(libc_a-memset.o)
                0x08008058                memset
 .text._close_r
                0x08008068       0x20 C:/ST/STM32CubeIDE_1.17.0/STM32CubeIDE/plugins/com.st.stm32cube.ide.mcu.externaltools.gnu-tools-for-stm32.13.3.rel1.win32_1.0.0.202411081344/tools/bin/../lib/gcc/arm-none-eabi/13.3.1/../../../../arm-none-eabi/lib/thumb/v7e-m+fp/hard\libc_nano.a(libc_a-closer.o)
                0x08008068                _close_r
 .text._lseek_r
                0x08008088       0x24 C:/ST/STM32CubeIDE_1.17.0/STM32CubeIDE/plugins/com.st.stm32cube.ide.mcu.externaltools.gnu-tools-for-stm32.13.3.rel1.win32_1.0.0.202411081344/tools/bin/../lib/gcc/arm-none-eabi/13.3.1/../../../../arm-none-eabi/lib/thumb/v7e-m+fp/hard\libc_nano.a(libc_a-lseekr.o)
                0x08008088                _lseek_r
 .text._read_r  0x080080ac       0x24 C:/ST/STM32CubeIDE_1.17.0/STM32CubeIDE/plugins/com.st.stm32cube.ide.mcu.externaltools.gnu-tools-for-stm32.13.3.rel1.win32_1.0.0.202411081344/tools/bin/../lib/gcc/arm-none-eabi/13.3.1/../../../../arm-none-eabi/lib/thumb/v7e-m+fp/hard\libc_nano.a(libc_a-readr.o)
                0x080080ac                _read_r
 .text._sbrk_r  0x080080d0       0x20 C:/ST/STM32CubeIDE_1.17.0/STM32CubeIDE/plugins/com.st.stm32cube.ide.mcu.externaltools.gnu-tools-for-stm32.13.3.rel1.win32_1.0.0.202411081344/tools/bin/../lib/gcc/arm-none-eabi/13.3.1/../../../../arm-none-eabi/lib/thumb/v7e-m+fp/hard\libc_nano.a(libc_a-sbrkr.o)
                0x080080d0                _sbrk_r
 .text._write_r
                0x080080f0       0x24 C:/ST/STM32CubeIDE_1.17.0/STM32CubeIDE/plugins/com.st.stm32cube.ide.mcu.externaltools.gnu-tools-for-stm32.13.3.rel1.win32_1.0.0.202411081344/tools/bin/../lib/gcc/arm-none-eabi/13.3.1/../../../../arm-none-eabi/lib/thumb/v7e-m+fp/hard\libc_nano.a(libc_a-writer.o)
                0x080080f0                _write_r
 .text.__errno  0x08008114        0xc C:/ST/STM32CubeIDE_1.17.0/STM32CubeIDE/plugins/com.st.stm32cube.ide.mcu.externaltools.gnu-tools-for-stm32.13.3.rel1.win32_1.0.0.202411081344/tools/bin/../lib/gcc/arm-none-eabi/13.3.1/../../../../arm-none-eabi/lib/thumb/v7e-m+fp/hard\libc_nano.a(libc_a-errno.o)
                0x08008114                __errno
 .text.__libc_init_array
                0x08008120       0x48 C:/ST/STM32CubeIDE_1.17.0/STM32CubeIDE/plugins/com.st.stm32cube.ide.mcu.externaltools.gnu-tools-for-stm32.13.3.rel1.win32_1.0.0.202411081344/tools/bin/../lib/gcc/arm-none-eabi/13.3.1/../../../../arm-none-eabi/lib/thumb/v7e-m+fp/hard\libc_nano.a(libc_a-init.o)
                0x08008120                __libc_init_array
 .text.__retarget_lock_init_recursive
                0x08008168        0x2 C:/ST/STM32CubeIDE_1.17.0/STM32CubeIDE/plugins/com.st.stm32cube.ide.mcu.externaltools.gnu-tools-for-stm32.13.3.rel1.win32_1.0.0.202411081344/tools/bin/../lib/gcc/arm-none-eabi/13.3.1/../../../../arm-none-eabi/lib/thumb/v7e-m+fp/hard\libc_nano.a(libc_a-lock.o)
                0x08008168                __retarget_lock_init_recursive
 .text.__retarget_lock_acquire_recursive
                0x0800816a        0x2 C:/ST/STM32CubeIDE_1.17.0/STM32CubeIDE/plugins/com.st.stm32cube.ide.mcu.externaltools.gnu-tools-for-stm32.13.3.rel1.win32_1.0.0.202411081344/tools/bin/../lib/gcc/arm-none-eabi/13.3.1/../../../../arm-none-eabi/lib/thumb/v7e-m+fp/hard\libc_nano.a(libc_a-lock.o)
                0x0800816a                __retarget_lock_acquire_recursive
 .text.__retarget_lock_release_recursive
                0x0800816c        0x2 C:/ST/STM32CubeIDE_1.17.0/STM32CubeIDE/plugins/com.st.stm32cube.ide.mcu.externaltools.gnu-tools-for-stm32.13.3.rel1.win32_1.0.0.202411081344/tools/bin/../lib/gcc/arm-none-eabi/13.3.1/../../../../arm-none-eabi/lib/thumb/v7e-m+fp/hard\libc_nano.a(libc_a-lock.o)
                0x0800816c                __retarget_lock_release_recursive
 *fill*         0x0800816e        0x2 
 .text._free_r  0x08008170       0x94 C:/ST/STM32CubeIDE_1.17.0/STM32CubeIDE/plugins/com.st.stm32cube.ide.mcu.externaltools.gnu-tools-for-stm32.13.3.rel1.win32_1.0.0.202411081344/tools/bin/../lib/gcc/arm-none-eabi/13.3.1/../../../../arm-none-eabi/lib/thumb/v7e-m+fp/hard\libc_nano.a(libc_a-freer.o)
                0x08008170                _free_r
 .text.__sfputc_r
                0x08008204       0x2e C:/ST/STM32CubeIDE_1.17.0/STM32CubeIDE/plugins/com.st.stm32cube.ide.mcu.externaltools.gnu-tools-for-stm32.13.3.rel1.win32_1.0.0.202411081344/tools/bin/../lib/gcc/arm-none-eabi/13.3.1/../../../../arm-none-eabi/lib/thumb/v7e-m+fp/hard\libc_nano.a(libc_a-nano-vfprintf.o)
 .text.__sfputs_r
                0x08008232       0x24 C:/ST/STM32CubeIDE_1.17.0/STM32CubeIDE/plugins/com.st.stm32cube.ide.mcu.externaltools.gnu-tools-for-stm32.13.3.rel1.win32_1.0.0.202411081344/tools/bin/../lib/gcc/arm-none-eabi/13.3.1/../../../../arm-none-eabi/lib/thumb/v7e-m+fp/hard\libc_nano.a(libc_a-nano-vfprintf.o)
                0x08008232                __sfputs_r
 *fill*         0x08008256        0x2 
 .text._vfprintf_r
                0x08008258      0x230 C:/ST/STM32CubeIDE_1.17.0/STM32CubeIDE/plugins/com.st.stm32cube.ide.mcu.externaltools.gnu-tools-for-stm32.13.3.rel1.win32_1.0.0.202411081344/tools/bin/../lib/gcc/arm-none-eabi/13.3.1/../../../../arm-none-eabi/lib/thumb/v7e-m+fp/hard\libc_nano.a(libc_a-nano-vfprintf.o)
                0x08008258                _vfprintf_r
                0x08008258                _vfiprintf_r
 .text._printf_common
                0x08008488       0xda C:/ST/STM32CubeIDE_1.17.0/STM32CubeIDE/plugins/com.st.stm32cube.ide.mcu.externaltools.gnu-tools-for-stm32.13.3.rel1.win32_1.0.0.202411081344/tools/bin/../lib/gcc/arm-none-eabi/13.3.1/../../../../arm-none-eabi/lib/thumb/v7e-m+fp/hard\libc_nano.a(libc_a-nano-vfprintf_i.o)
                0x08008488                _printf_common
 *fill*         0x08008562        0x2 
 .text._printf_i
                0x08008564      0x23c C:/ST/STM32CubeIDE_1.17.0/STM32CubeIDE/plugins/com.st.stm32cube.ide.mcu.externaltools.gnu-tools-for-stm32.13.3.rel1.win32_1.0.0.202411081344/tools/bin/../lib/gcc/arm-none-eabi/13.3.1/../../../../arm-none-eabi/lib/thumb/v7e-m+fp/hard\libc_nano.a(libc_a-nano-vfprintf_i.o)
                0x08008564                _printf_i
 .text.__sflush_r
                0x080087a0      0x108 C:/ST/STM32CubeIDE_1.17.0/STM32CubeIDE/plugins/com.st.stm32cube.ide.mcu.externaltools.gnu-tools-for-stm32.13.3.rel1.win32_1.0.0.202411081344/tools/bin/../lib/gcc/arm-none-eabi/13.3.1/../../../../arm-none-eabi/lib/thumb/v7e-m+fp/hard\libc_nano.a(libc_a-fflush.o)
                0x080087a0                __sflush_r
 .text._fflush_r
                0x080088a8       0x50 C:/ST/STM32CubeIDE_1.17.0/STM32CubeIDE/plugins/com.st.stm32cube.ide.mcu.externaltools.gnu-tools-for-stm32.13.3.rel1.win32_1.0.0.202411081344/tools/bin/../lib/gcc/arm-none-eabi/13.3.1/../../../../arm-none-eabi/lib/thumb/v7e-m+fp/hard\libc_nano.a(libc_a-fflush.o)
                0x080088a8                _fflush_r
 .text.__swhatbuf_r
                0x080088f8       0x4c C:/ST/STM32CubeIDE_1.17.0/STM32CubeIDE/plugins/com.st.stm32cube.ide.mcu.externaltools.gnu-tools-for-stm32.13.3.rel1.win32_1.0.0.202411081344/tools/bin/../lib/gcc/arm-none-eabi/13.3.1/../../../../arm-none-eabi/lib/thumb/v7e-m+fp/hard\libc_nano.a(libc_a-makebuf.o)
                0x080088f8                __swhatbuf_r
 .text.__smakebuf_r
                0x08008944       0x78 C:/ST/STM32CubeIDE_1.17.0/STM32CubeIDE/plugins/com.st.stm32cube.ide.mcu.externaltools.gnu-tools-for-stm32.13.3.rel1.win32_1.0.0.202411081344/tools/bin/../lib/gcc/arm-none-eabi/13.3.1/../../../../arm-none-eabi/lib/thumb/v7e-m+fp/hard\libc_nano.a(libc_a-makebuf.o)
                0x08008944                __smakebuf_r
 .text._fstat_r
                0x080089bc       0x24 C:/ST/STM32CubeIDE_1.17.0/STM32CubeIDE/plugins/com.st.stm32cube.ide.mcu.externaltools.gnu-tools-for-stm32.13.3.rel1.win32_1.0.0.202411081344/tools/bin/../lib/gcc/arm-none-eabi/13.3.1/../../../../arm-none-eabi/lib/thumb/v7e-m+fp/hard\libc_nano.a(libc_a-fstatr.o)
                0x080089bc                _fstat_r
 .text._isatty_r
                0x080089e0       0x20 C:/ST/STM32CubeIDE_1.17.0/STM32CubeIDE/plugins/com.st.stm32cube.ide.mcu.externaltools.gnu-tools-for-stm32.13.3.rel1.win32_1.0.0.202411081344/tools/bin/../lib/gcc/arm-none-eabi/13.3.1/../../../../arm-none-eabi/lib/thumb/v7e-m+fp/hard\libc_nano.a(libc_a-isattyr.o)
                0x080089e0                _isatty_r
 *(.glue_7)
 .glue_7        0x08008a00        0x0 linker stubs
 *(.glue_7t)
 .glue_7t       0x08008a00        0x0 linker stubs
 *(.eh_frame)
 .eh_frame      0x08008a00        0x0 C:/ST/STM32CubeIDE_1.17.0/STM32CubeIDE/plugins/com.st.stm32cube.ide.mcu.externaltools.gnu-tools-for-stm32.13.3.rel1.win32_1.0.0.202411081344/tools/bin/../lib/gcc/arm-none-eabi/13.3.1/thumb/v7e-m+fp/hard/crtbegin.o
 *(.init)
 .init          0x08008a00        0x4 C:/ST/STM32CubeIDE_1.17.0/STM32CubeIDE/plugins/com.st.stm32cube.ide.mcu.externaltools.gnu-tools-for-stm32.13.3.rel1.win32_1.0.0.202411081344/tools/bin/../lib/gcc/arm-none-eabi/13.3.1/thumb/v7e-m+fp/hard/crti.o
                0x08008a00                _init
 .init          0x08008a04        0x8 C:/ST/STM32CubeIDE_1.17.0/STM32CubeIDE/plugins/com.st.stm32cube.ide.mcu.externaltools.gnu-tools-for-stm32.13.3.rel1.win32_1.0.0.202411081344/tools/bin/../lib/gcc/arm-none-eabi/13.3.1/thumb/v7e-m+fp/hard/crtn.o
 *(.fini)
 .fini          0x08008a0c        0x4 C:/ST/STM32CubeIDE_1.17.0/STM32CubeIDE/plugins/com.st.stm32cube.ide.mcu.externaltools.gnu-tools-for-stm32.13.3.rel1.win32_1.0.0.202411081344/tools/bin/../lib/gcc/arm-none-eabi/13.3.1/thumb/v7e-m+fp/hard/crti.o
                0x08008a0c                _fini
 .fini          0x08008a10        0x8 C:/ST/STM32CubeIDE_1.17.0/STM32CubeIDE/plugins/com.st.stm32cube.ide.mcu.externaltools.gnu-tools-for-stm32.13.3.rel1.win32_1.0.0.202411081344/tools/bin/../lib/gcc/arm-none-eabi/13.3.1/thumb/v7e-m+fp/hard/crtn.o
                0x08008a18                        . = ALIGN (0x4)
                0x08008a18                        _etext = .

.vfp11_veneer   0x08008a18        0x0
 .vfp11_veneer  0x08008a18        0x0 linker stubs

.v4_bx          0x08008a18        0x0
 .v4_bx         0x08008a18        0x0 linker stubs

.iplt           0x08008a18        0x0
 .iplt          0x08008a18        0x0 C:/ST/STM32CubeIDE_1.17.0/STM32CubeIDE/plugins/com.st.stm32cube.ide.mcu.externaltools.gnu-tools-for-stm32.13.3.rel1.win32_1.0.0.202411081344/tools/bin/../lib/gcc/arm-none-eabi/13.3.1/thumb/v7e-m+fp/hard/crtbegin.o

.rodata         0x08008a18     0x1be4
                0x08008a18                        . = ALIGN (0x4)
 *(.rodata)
 .rodata        0x08008a18       0x61 ./Core/Src/ApplicationCode.o
 *fill*         0x08008a79        0x3 
 .rodata        0x08008a7c       0x43 ./Core/Src/Gyro_Driver.o
 *fill*         0x08008abf        0x1 
 .rodata        0x08008ac0       0x1d ./Core/Src/Timer_Driver.o
 *(.rodata*)
 *fill*         0x08008add        0x3 
 .rodata.ASCII16x24_Table
                0x08008ae0     0x11d0 ./Core/Src/fonts.o
                0x08008ae0                ASCII16x24_Table
 .rodata.ASCII12x12_Table
                0x08009cb0      0x900 ./Core/Src/fonts.o
                0x08009cb0                ASCII12x12_Table
 .rodata.AHBPrescTable
                0x0800a5b0       0x10 ./Core/Src/system_stm32f4xx.o
                0x0800a5b0                AHBPrescTable
 .rodata.APBPrescTable
                0x0800a5c0        0x8 ./Core/Src/system_stm32f4xx.o
                0x0800a5c0                APBPrescTable
 .rodata._vfprintf_r.str1.1
                0x0800a5c8       0x33 C:/ST/STM32CubeIDE_1.17.0/STM32CubeIDE/plugins/com.st.stm32cube.ide.mcu.externaltools.gnu-tools-for-stm32.13.3.rel1.win32_1.0.0.202411081344/tools/bin/../lib/gcc/arm-none-eabi/13.3.1/../../../../arm-none-eabi/lib/thumb/v7e-m+fp/hard\libc_nano.a(libc_a-nano-vfprintf.o)
                                 0x11 (size before relaxing)
 .rodata._printf_i.str1.1
                0x0800a5fb       0x22 C:/ST/STM32CubeIDE_1.17.0/STM32CubeIDE/plugins/com.st.stm32cube.ide.mcu.externaltools.gnu-tools-for-stm32.13.3.rel1.win32_1.0.0.202411081344/tools/bin/../lib/gcc/arm-none-eabi/13.3.1/../../../../arm-none-eabi/lib/thumb/v7e-m+fp/hard\libc_nano.a(libc_a-nano-vfprintf_i.o)
                0x0800a620                        . = ALIGN (0x4)
 *fill*         0x0800a5fb        0x1 

.ARM.extab      0x0800a5fc        0x0
                0x0800a5fc                        . = ALIGN (0x4)
 *(.ARM.extab* .gnu.linkonce.armextab.*)
                0x0800a5fc                        . = ALIGN (0x4)

.ARM            0x0800a5fc        0x8
                0x0800a5fc                        . = ALIGN (0x4)
                0x0800a5fc                        __exidx_start = .
 *(.ARM.exidx*)
 .ARM.exidx     0x0800a5fc        0x8 C:/ST/STM32CubeIDE_1.17.0/STM32CubeIDE/plugins/com.st.stm32cube.ide.mcu.externaltools.gnu-tools-for-stm32.13.3.rel1.win32_1.0.0.202411081344/tools/bin/../lib/gcc/arm-none-eabi/13.3.1/../../../../arm-none-eabi/lib/thumb/v7e-m+fp/hard\libc_nano.a(libc_a-strlen.o)
 .ARM.exidx     0x0800a604        0x0 C:/ST/STM32CubeIDE_1.17.0/STM32CubeIDE/plugins/com.st.stm32cube.ide.mcu.externaltools.gnu-tools-for-stm32.13.3.rel1.win32_1.0.0.202411081344/tools/bin/../lib/gcc/arm-none-eabi/13.3.1/../../../../arm-none-eabi/lib/thumb/v7e-m+fp/hard\libc_nano.a(libc_a-memchr.o)
                                  0x8 (size before relaxing)
 .ARM.exidx     0x0800a604        0x0 C:/ST/STM32CubeIDE_1.17.0/STM32CubeIDE/plugins/com.st.stm32cube.ide.mcu.externaltools.gnu-tools-for-stm32.13.3.rel1.win32_1.0.0.202411081344/tools/bin/../lib/gcc/arm-none-eabi/13.3.1/thumb/v7e-m+fp/hard\libgcc.a(_udivmoddi4.o)
                                  0x8 (size before relaxing)
                0x0800a604                        __exidx_end = .
                0x0800a604                        . = ALIGN (0x4)

.preinit_array  0x0800a604        0x0
                0x0800a604                        . = ALIGN (0x4)
                0x0800a604                        PROVIDE (__preinit_array_start = .)
 *(.preinit_array*)
                0x0800a604                        PROVIDE (__preinit_array_end = .)
                0x0800a604                        . = ALIGN (0x4)

.init_array     0x0800a604        0x4
                0x0800a604                        . = ALIGN (0x4)
                0x0800a604                        PROVIDE (__init_array_start = .)
 *(SORT_BY_NAME(.init_array.*))
 *(.init_array*)
 .init_array    0x0800a604        0x4 C:/ST/STM32CubeIDE_1.17.0/STM32CubeIDE/plugins/com.st.stm32cube.ide.mcu.externaltools.gnu-tools-for-stm32.13.3.rel1.win32_1.0.0.202411081344/tools/bin/../lib/gcc/arm-none-eabi/13.3.1/thumb/v7e-m+fp/hard/crtbegin.o
                0x0800a608                        PROVIDE (__init_array_end = .)
                0x0800a608                        . = ALIGN (0x4)

.fini_array     0x0800a608        0x4
                0x0800a608                        . = ALIGN (0x4)
                [!provide]                        PROVIDE (__fini_array_start = .)
 *(SORT_BY_NAME(.fini_array.*))
 *(.fini_array*)
 .fini_array    0x0800a608        0x4 C:/ST/STM32CubeIDE_1.17.0/STM32CubeIDE/plugins/com.st.stm32cube.ide.mcu.externaltools.gnu-tools-for-stm32.13.3.rel1.win32_1.0.0.202411081344/tools/bin/../lib/gcc/arm-none-eabi/13.3.1/thumb/v7e-m+fp/hard/crtbegin.o
                [!provide]                        PROVIDE (__fini_array_end = .)
                0x0800a60c                        . = ALIGN (0x4)
                0x0800a60c                        _sidata = LOADADDR (.data)

.rel.dyn        0x0800a60c        0x0
 .rel.iplt      0x0800a60c        0x0 C:/ST/STM32CubeIDE_1.17.0/STM32CubeIDE/plugins/com.st.stm32cube.ide.mcu.externaltools.gnu-tools-for-stm32.13.3.rel1.win32_1.0.0.202411081344/tools/bin/../lib/gcc/arm-none-eabi/13.3.1/thumb/v7e-m+fp/hard/crtbegin.o

.data           0x20000000       0x88 load address 0x0800a60c
                0x20000000                        . = ALIGN (0x4)
                0x20000000                        _sdata = .
 *(.data)
 *(.data*)
 .data.currentPlayer
                0x20000000        0x4 ./Core/Src/ApplicationCode.o
                0x20000000                currentPlayer
 .data.dropColumn
                0x20000004        0x4 ./Core/Src/ApplicationCode.o
                0x20000004                dropColumn
 .data.CurrentTextColor
                0x20000008        0x2 ./Core/Src/LCD_Driver.o
 *fill*         0x2000000a        0x2 
 .data.Font16x24
                0x2000000c        0x8 ./Core/Src/fonts.o
                0x2000000c                Font16x24
 .data.Font12x12
                0x20000014        0x8 ./Core/Src/fonts.o
                0x20000014                Font12x12
 .data.SpiTimeout
                0x2000001c        0x4 ./Core/Src/ili9341.o
                0x2000001c                SpiTimeout
 .data.SystemCoreClock
                0x20000020        0x4 ./Core/Src/system_stm32f4xx.o
                0x20000020                SystemCoreClock
 .data.uwTickPrio
                0x20000024        0x4 ./Drivers/STM32F4xx_HAL_Driver/Src/stm32f4xx_hal.o
                0x20000024                uwTickPrio
 .data.uwTickFreq
                0x20000028        0x1 ./Drivers/STM32F4xx_HAL_Driver/Src/stm32f4xx_hal.o
                0x20000028                uwTickFreq
 *fill*         0x20000029        0x3 
 .data.__sglue  0x2000002c        0xc C:/ST/STM32CubeIDE_1.17.0/STM32CubeIDE/plugins/com.st.stm32cube.ide.mcu.externaltools.gnu-tools-for-stm32.13.3.rel1.win32_1.0.0.202411081344/tools/bin/../lib/gcc/arm-none-eabi/13.3.1/../../../../arm-none-eabi/lib/thumb/v7e-m+fp/hard\libc_nano.a(libc_a-findfp.o)
                0x2000002c                __sglue
 .data._impure_ptr
                0x20000038        0x4 C:/ST/STM32CubeIDE_1.17.0/STM32CubeIDE/plugins/com.st.stm32cube.ide.mcu.externaltools.gnu-tools-for-stm32.13.3.rel1.win32_1.0.0.202411081344/tools/bin/../lib/gcc/arm-none-eabi/13.3.1/../../../../arm-none-eabi/lib/thumb/v7e-m+fp/hard\libc_nano.a(libc_a-impure.o)
                0x20000038                _impure_ptr
 .data._impure_data
                0x2000003c       0x4c C:/ST/STM32CubeIDE_1.17.0/STM32CubeIDE/plugins/com.st.stm32cube.ide.mcu.externaltools.gnu-tools-for-stm32.13.3.rel1.win32_1.0.0.202411081344/tools/bin/../lib/gcc/arm-none-eabi/13.3.1/../../../../arm-none-eabi/lib/thumb/v7e-m+fp/hard\libc_nano.a(libc_a-impure.o)
                0x2000003c                _impure_data
 *(.RamFunc)
 *(.RamFunc*)
                0x20000088                        . = ALIGN (0x4)
                0x20000088                        _edata = .
                0x0800a694                        _siccmram = LOADADDR (.ccmram)

.igot.plt       0x20000088        0x0 load address 0x0800a694
 .igot.plt      0x20000088        0x0 C:/ST/STM32CubeIDE_1.17.0/STM32CubeIDE/plugins/com.st.stm32cube.ide.mcu.externaltools.gnu-tools-for-stm32.13.3.rel1.win32_1.0.0.202411081344/tools/bin/../lib/gcc/arm-none-eabi/13.3.1/thumb/v7e-m+fp/hard/crtbegin.o

.ccmram         0x10000000        0x0 load address 0x0800a694
                0x10000000                        . = ALIGN (0x4)
                0x10000000                        _sccmram = .
 *(.ccmram)
 *(.ccmram*)
                0x10000000                        . = ALIGN (0x4)
                0x10000000                        _eccmram = .
                0x10000000                        . = ALIGN (0x4)

.bss            0x20000088    0x25d80
                0x20000088                        _sbss = .
                0x20000088                        __bss_start__ = _sbss
 *(.bss)
 .bss           0x20000088       0x1c C:/ST/STM32CubeIDE_1.17.0/STM32CubeIDE/plugins/com.st.stm32cube.ide.mcu.externaltools.gnu-tools-for-stm32.13.3.rel1.win32_1.0.0.202411081344/tools/bin/../lib/gcc/arm-none-eabi/13.3.1/thumb/v7e-m+fp/hard/crtbegin.o
 *(.bss*)
 .bss.StaticTouchData
                0x200000a4        0x8 ./Core/Src/ApplicationCode.o
 .bss.gameEnd   0x200000ac        0x4 ./Core/Src/ApplicationCode.o
                0x200000ac                gameEnd
 .bss.tie       0x200000b0        0x4 ./Core/Src/ApplicationCode.o
                0x200000b0                tie
 .bss.dropButtonPressed
                0x200000b4        0x4 ./Core/Src/ApplicationCode.o
                0x200000b4                dropButtonPressed
 .bss.gameBoard
                0x200000b8       0xa8 ./Core/Src/ApplicationCode.o
                0x200000b8                gameBoard
 .bss.gameMode  0x20000160        0x4 ./Core/Src/ApplicationCode.o
                0x20000160                gameMode
 .bss.playerOneScore
                0x20000164        0x4 ./Core/Src/ApplicationCode.o
                0x20000164                playerOneScore
 .bss.playerTwoScore
                0x20000168        0x4 ./Core/Src/ApplicationCode.o
                0x20000168                playerTwoScore
 .bss.startTime
                0x2000016c        0x4 ./Core/Src/ApplicationCode.o
                0x2000016c                startTime
 .bss.endTime   0x20000170        0x4 ./Core/Src/ApplicationCode.o
                0x20000170                endTime
 .bss.halStatus
                0x20000174        0x1 ./Core/Src/Gyro_Driver.o
 *fill*         0x20000175        0x1 
 .bss.yAngle    0x20000176        0x2 ./Core/Src/Gyro_Driver.o
                0x20000176                yAngle
 .bss.hltdc     0x20000178       0xa8 ./Core/Src/LCD_Driver.o
 .bss.PeriphClkInitStruct
                0x20000220       0x30 ./Core/Src/LCD_Driver.o
 .bss.LCD_Currentfonts
                0x20000250        0x4 ./Core/Src/LCD_Driver.o
 .bss.frameBuffer
                0x20000254    0x25800 ./Core/Src/LCD_Driver.o
                0x20000254                frameBuffer
 .bss.SpiHandle
                0x20025a54       0x58 ./Core/Src/ili9341.o
 .bss.Is_LCD_IO_Initialized
                0x20025aac        0x1 ./Core/Src/ili9341.o
 *fill*         0x20025aad        0x3 
 .bss.hi2c3     0x20025ab0       0x54 ./Core/Src/main.o
                0x20025ab0                hi2c3
 .bss.hltdc     0x20025b04       0xa8 ./Core/Src/main.o
                0x20025b04                hltdc
 .bss.hrng      0x20025bac       0x10 ./Core/Src/main.o
                0x20025bac                hrng
 .bss.hspi5     0x20025bbc       0x58 ./Core/Src/main.o
                0x20025bbc                hspi5
 .bss.htim2     0x20025c14       0x48 ./Core/Src/main.o
                0x20025c14                htim2
 .bss.hI2C3     0x20025c5c       0x54 ./Core/Src/stmpe811.o
 .bss.HAL_status
                0x20025cb0        0x1 ./Core/Src/stmpe811.o
 *fill*         0x20025cb1        0x3 
 .bss.__sbrk_heap_end
                0x20025cb4        0x4 ./Core/Src/sysmem.o
 .bss.uwTick    0x20025cb8        0x4 ./Drivers/STM32F4xx_HAL_Driver/Src/stm32f4xx_hal.o
                0x20025cb8                uwTick
 .bss.__malloc_sbrk_start
                0x20025cbc        0x4 C:/ST/STM32CubeIDE_1.17.0/STM32CubeIDE/plugins/com.st.stm32cube.ide.mcu.externaltools.gnu-tools-for-stm32.13.3.rel1.win32_1.0.0.202411081344/tools/bin/../lib/gcc/arm-none-eabi/13.3.1/../../../../arm-none-eabi/lib/thumb/v7e-m+fp/hard\libc_nano.a(libc_a-mallocr.o)
                0x20025cbc                __malloc_sbrk_start
 .bss.__malloc_free_list
                0x20025cc0        0x4 C:/ST/STM32CubeIDE_1.17.0/STM32CubeIDE/plugins/com.st.stm32cube.ide.mcu.externaltools.gnu-tools-for-stm32.13.3.rel1.win32_1.0.0.202411081344/tools/bin/../lib/gcc/arm-none-eabi/13.3.1/../../../../arm-none-eabi/lib/thumb/v7e-m+fp/hard\libc_nano.a(libc_a-mallocr.o)
                0x20025cc0                __malloc_free_list
 .bss.__sf      0x20025cc4      0x138 C:/ST/STM32CubeIDE_1.17.0/STM32CubeIDE/plugins/com.st.stm32cube.ide.mcu.externaltools.gnu-tools-for-stm32.13.3.rel1.win32_1.0.0.202411081344/tools/bin/../lib/gcc/arm-none-eabi/13.3.1/../../../../arm-none-eabi/lib/thumb/v7e-m+fp/hard\libc_nano.a(libc_a-findfp.o)
                0x20025cc4                __sf
 .bss.__stdio_exit_handler
                0x20025dfc        0x4 C:/ST/STM32CubeIDE_1.17.0/STM32CubeIDE/plugins/com.st.stm32cube.ide.mcu.externaltools.gnu-tools-for-stm32.13.3.rel1.win32_1.0.0.202411081344/tools/bin/../lib/gcc/arm-none-eabi/13.3.1/../../../../arm-none-eabi/lib/thumb/v7e-m+fp/hard\libc_nano.a(libc_a-findfp.o)
                0x20025dfc                __stdio_exit_handler
 .bss.errno     0x20025e00        0x4 C:/ST/STM32CubeIDE_1.17.0/STM32CubeIDE/plugins/com.st.stm32cube.ide.mcu.externaltools.gnu-tools-for-stm32.13.3.rel1.win32_1.0.0.202411081344/tools/bin/../lib/gcc/arm-none-eabi/13.3.1/../../../../arm-none-eabi/lib/thumb/v7e-m+fp/hard\libc_nano.a(libc_a-reent.o)
                0x20025e00                errno
 .bss.__lock___malloc_recursive_mutex
                0x20025e04        0x1 C:/ST/STM32CubeIDE_1.17.0/STM32CubeIDE/plugins/com.st.stm32cube.ide.mcu.externaltools.gnu-tools-for-stm32.13.3.rel1.win32_1.0.0.202411081344/tools/bin/../lib/gcc/arm-none-eabi/13.3.1/../../../../arm-none-eabi/lib/thumb/v7e-m+fp/hard\libc_nano.a(libc_a-lock.o)
                0x20025e04                __lock___malloc_recursive_mutex
 .bss.__lock___sfp_recursive_mutex
                0x20025e05        0x1 C:/ST/STM32CubeIDE_1.17.0/STM32CubeIDE/plugins/com.st.stm32cube.ide.mcu.externaltools.gnu-tools-for-stm32.13.3.rel1.win32_1.0.0.202411081344/tools/bin/../lib/gcc/arm-none-eabi/13.3.1/../../../../arm-none-eabi/lib/thumb/v7e-m+fp/hard\libc_nano.a(libc_a-lock.o)
                0x20025e05                __lock___sfp_recursive_mutex
 *(COMMON)
                0x20025e08                        . = ALIGN (0x4)
 *fill*         0x20025e06        0x2 
                0x20025e08                        _ebss = .
                0x20025e08                        __bss_end__ = _ebss

._user_heap_stack
                0x20025e08      0x600
                0x20025e08                        . = ALIGN (0x8)
                [!provide]                        PROVIDE (end = .)
                0x20025e08                        PROVIDE (_end = .)
                0x20026008                        . = (. + _Min_Heap_Size)
 *fill*         0x20025e08      0x200 
                0x20026408                        . = (. + _Min_Stack_Size)
 *fill*         0x20026008      0x400 
                0x20026408                        . = ALIGN (0x8)

/DISCARD/
 libc.a(*)
 libm.a(*)
 libgcc.a(*)

.ARM.attributes
                0x00000000       0x30
 *(.ARM.attributes)
 .ARM.attributes
                0x00000000       0x22 C:/ST/STM32CubeIDE_1.17.0/STM32CubeIDE/plugins/com.st.stm32cube.ide.mcu.externaltools.gnu-tools-for-stm32.13.3.rel1.win32_1.0.0.202411081344/tools/bin/../lib/gcc/arm-none-eabi/13.3.1/thumb/v7e-m+fp/hard/crti.o
 .ARM.attributes
                0x00000022       0x34 C:/ST/STM32CubeIDE_1.17.0/STM32CubeIDE/plugins/com.st.stm32cube.ide.mcu.externaltools.gnu-tools-for-stm32.13.3.rel1.win32_1.0.0.202411081344/tools/bin/../lib/gcc/arm-none-eabi/13.3.1/thumb/v7e-m+fp/hard/crtbegin.o
 .ARM.attributes
                0x00000056       0x34 ./Core/Src/ApplicationCode.o
 .ARM.attributes
                0x0000008a       0x34 ./Core/Src/Button_Driver.o
 .ARM.attributes
                0x000000be       0x34 ./Core/Src/Gyro_Driver.o
 .ARM.attributes
                0x000000f2       0x34 ./Core/Src/LCD_Driver.o
 .ARM.attributes
                0x00000126       0x34 ./Core/Src/Timer_Driver.o
 .ARM.attributes
                0x0000015a       0x34 ./Core/Src/fonts.o
 .ARM.attributes
                0x0000018e       0x34 ./Core/Src/ili9341.o
 .ARM.attributes
                0x000001c2       0x34 ./Core/Src/main.o
 .ARM.attributes
                0x000001f6       0x34 ./Core/Src/stm32f4xx_hal_msp.o
 .ARM.attributes
                0x0000022a       0x34 ./Core/Src/stm32f4xx_it.o
 .ARM.attributes
                0x0000025e       0x34 ./Core/Src/stmpe811.o
 .ARM.attributes
                0x00000292       0x34 ./Core/Src/syscalls.o
 .ARM.attributes
                0x000002c6       0x34 ./Core/Src/sysmem.o
 .ARM.attributes
                0x000002fa       0x34 ./Core/Src/system_stm32f4xx.o
 .ARM.attributes
                0x0000032e       0x21 ./Core/Startup/startup_stm32f429zitx.o
 .ARM.attributes
                0x0000034f       0x34 ./Drivers/STM32F4xx_HAL_Driver/Src/stm32f4xx_hal.o
 .ARM.attributes
                0x00000383       0x34 ./Drivers/STM32F4xx_HAL_Driver/Src/stm32f4xx_hal_cortex.o
 .ARM.attributes
                0x000003b7       0x34 ./Drivers/STM32F4xx_HAL_Driver/Src/stm32f4xx_hal_gpio.o
 .ARM.attributes
                0x000003eb       0x34 ./Drivers/STM32F4xx_HAL_Driver/Src/stm32f4xx_hal_i2c.o
 .ARM.attributes
                0x0000041f       0x34 ./Drivers/STM32F4xx_HAL_Driver/Src/stm32f4xx_hal_i2c_ex.o
 .ARM.attributes
                0x00000453       0x34 ./Drivers/STM32F4xx_HAL_Driver/Src/stm32f4xx_hal_ltdc.o
 .ARM.attributes
                0x00000487       0x34 ./Drivers/STM32F4xx_HAL_Driver/Src/stm32f4xx_hal_rcc.o
 .ARM.attributes
                0x000004bb       0x34 ./Drivers/STM32F4xx_HAL_Driver/Src/stm32f4xx_hal_rcc_ex.o
 .ARM.attributes
                0x000004ef       0x34 ./Drivers/STM32F4xx_HAL_Driver/Src/stm32f4xx_hal_rng.o
 .ARM.attributes
                0x00000523       0x34 ./Drivers/STM32F4xx_HAL_Driver/Src/stm32f4xx_hal_spi.o
 .ARM.attributes
                0x00000557       0x34 ./Drivers/STM32F4xx_HAL_Driver/Src/stm32f4xx_hal_tim.o
 .ARM.attributes
                0x0000058b       0x34 ./Drivers/STM32F4xx_HAL_Driver/Src/stm32f4xx_hal_tim_ex.o
 .ARM.attributes
                0x000005bf       0x34 C:/ST/STM32CubeIDE_1.17.0/STM32CubeIDE/plugins/com.st.stm32cube.ide.mcu.externaltools.gnu-tools-for-stm32.13.3.rel1.win32_1.0.0.202411081344/tools/bin/../lib/gcc/arm-none-eabi/13.3.1/../../../../arm-none-eabi/lib/thumb/v7e-m+fp/hard\libc_nano.a(libc_a-malloc.o)
 .ARM.attributes
                0x000005f3       0x34 C:/ST/STM32CubeIDE_1.17.0/STM32CubeIDE/plugins/com.st.stm32cube.ide.mcu.externaltools.gnu-tools-for-stm32.13.3.rel1.win32_1.0.0.202411081344/tools/bin/../lib/gcc/arm-none-eabi/13.3.1/../../../../arm-none-eabi/lib/thumb/v7e-m+fp/hard\libc_nano.a(libc_a-mallocr.o)
 .ARM.attributes
                0x00000627       0x34 C:/ST/STM32CubeIDE_1.17.0/STM32CubeIDE/plugins/com.st.stm32cube.ide.mcu.externaltools.gnu-tools-for-stm32.13.3.rel1.win32_1.0.0.202411081344/tools/bin/../lib/gcc/arm-none-eabi/13.3.1/../../../../arm-none-eabi/lib/thumb/v7e-m+fp/hard\libc_nano.a(libc_a-mlock.o)
 .ARM.attributes
                0x0000065b       0x34 C:/ST/STM32CubeIDE_1.17.0/STM32CubeIDE/plugins/com.st.stm32cube.ide.mcu.externaltools.gnu-tools-for-stm32.13.3.rel1.win32_1.0.0.202411081344/tools/bin/../lib/gcc/arm-none-eabi/13.3.1/../../../../arm-none-eabi/lib/thumb/v7e-m+fp/hard\libc_nano.a(libc_a-findfp.o)
 .ARM.attributes
                0x0000068f       0x34 C:/ST/STM32CubeIDE_1.17.0/STM32CubeIDE/plugins/com.st.stm32cube.ide.mcu.externaltools.gnu-tools-for-stm32.13.3.rel1.win32_1.0.0.202411081344/tools/bin/../lib/gcc/arm-none-eabi/13.3.1/../../../../arm-none-eabi/lib/thumb/v7e-m+fp/hard\libc_nano.a(libc_a-fwalk.o)
 .ARM.attributes
                0x000006c3       0x34 C:/ST/STM32CubeIDE_1.17.0/STM32CubeIDE/plugins/com.st.stm32cube.ide.mcu.externaltools.gnu-tools-for-stm32.13.3.rel1.win32_1.0.0.202411081344/tools/bin/../lib/gcc/arm-none-eabi/13.3.1/../../../../arm-none-eabi/lib/thumb/v7e-m+fp/hard\libc_nano.a(libc_a-printf.o)
 .ARM.attributes
                0x000006f7       0x34 C:/ST/STM32CubeIDE_1.17.0/STM32CubeIDE/plugins/com.st.stm32cube.ide.mcu.externaltools.gnu-tools-for-stm32.13.3.rel1.win32_1.0.0.202411081344/tools/bin/../lib/gcc/arm-none-eabi/13.3.1/../../../../arm-none-eabi/lib/thumb/v7e-m+fp/hard\libc_nano.a(libc_a-puts.o)
 .ARM.attributes
                0x0000072b       0x34 C:/ST/STM32CubeIDE_1.17.0/STM32CubeIDE/plugins/com.st.stm32cube.ide.mcu.externaltools.gnu-tools-for-stm32.13.3.rel1.win32_1.0.0.202411081344/tools/bin/../lib/gcc/arm-none-eabi/13.3.1/../../../../arm-none-eabi/lib/thumb/v7e-m+fp/hard\libc_nano.a(libc_a-stdio.o)
 .ARM.attributes
                0x0000075f       0x34 C:/ST/STM32CubeIDE_1.17.0/STM32CubeIDE/plugins/com.st.stm32cube.ide.mcu.externaltools.gnu-tools-for-stm32.13.3.rel1.win32_1.0.0.202411081344/tools/bin/../lib/gcc/arm-none-eabi/13.3.1/../../../../arm-none-eabi/lib/thumb/v7e-m+fp/hard\libc_nano.a(libc_a-wbuf.o)
 .ARM.attributes
                0x00000793       0x34 C:/ST/STM32CubeIDE_1.17.0/STM32CubeIDE/plugins/com.st.stm32cube.ide.mcu.externaltools.gnu-tools-for-stm32.13.3.rel1.win32_1.0.0.202411081344/tools/bin/../lib/gcc/arm-none-eabi/13.3.1/../../../../arm-none-eabi/lib/thumb/v7e-m+fp/hard\libc_nano.a(libc_a-wsetup.o)
 .ARM.attributes
                0x000007c7       0x34 C:/ST/STM32CubeIDE_1.17.0/STM32CubeIDE/plugins/com.st.stm32cube.ide.mcu.externaltools.gnu-tools-for-stm32.13.3.rel1.win32_1.0.0.202411081344/tools/bin/../lib/gcc/arm-none-eabi/13.3.1/../../../../arm-none-eabi/lib/thumb/v7e-m+fp/hard\libc_nano.a(libc_a-memset.o)
 .ARM.attributes
                0x000007fb       0x34 C:/ST/STM32CubeIDE_1.17.0/STM32CubeIDE/plugins/com.st.stm32cube.ide.mcu.externaltools.gnu-tools-for-stm32.13.3.rel1.win32_1.0.0.202411081344/tools/bin/../lib/gcc/arm-none-eabi/13.3.1/../../../../arm-none-eabi/lib/thumb/v7e-m+fp/hard\libc_nano.a(libc_a-closer.o)
 .ARM.attributes
                0x0000082f       0x34 C:/ST/STM32CubeIDE_1.17.0/STM32CubeIDE/plugins/com.st.stm32cube.ide.mcu.externaltools.gnu-tools-for-stm32.13.3.rel1.win32_1.0.0.202411081344/tools/bin/../lib/gcc/arm-none-eabi/13.3.1/../../../../arm-none-eabi/lib/thumb/v7e-m+fp/hard\libc_nano.a(libc_a-reent.o)
 .ARM.attributes
                0x00000863       0x34 C:/ST/STM32CubeIDE_1.17.0/STM32CubeIDE/plugins/com.st.stm32cube.ide.mcu.externaltools.gnu-tools-for-stm32.13.3.rel1.win32_1.0.0.202411081344/tools/bin/../lib/gcc/arm-none-eabi/13.3.1/../../../../arm-none-eabi/lib/thumb/v7e-m+fp/hard\libc_nano.a(libc_a-impure.o)
 .ARM.attributes
                0x00000897       0x34 C:/ST/STM32CubeIDE_1.17.0/STM32CubeIDE/plugins/com.st.stm32cube.ide.mcu.externaltools.gnu-tools-for-stm32.13.3.rel1.win32_1.0.0.202411081344/tools/bin/../lib/gcc/arm-none-eabi/13.3.1/../../../../arm-none-eabi/lib/thumb/v7e-m+fp/hard\libc_nano.a(libc_a-lseekr.o)
 .ARM.attributes
                0x000008cb       0x34 C:/ST/STM32CubeIDE_1.17.0/STM32CubeIDE/plugins/com.st.stm32cube.ide.mcu.externaltools.gnu-tools-for-stm32.13.3.rel1.win32_1.0.0.202411081344/tools/bin/../lib/gcc/arm-none-eabi/13.3.1/../../../../arm-none-eabi/lib/thumb/v7e-m+fp/hard\libc_nano.a(libc_a-readr.o)
 .ARM.attributes
                0x000008ff       0x34 C:/ST/STM32CubeIDE_1.17.0/STM32CubeIDE/plugins/com.st.stm32cube.ide.mcu.externaltools.gnu-tools-for-stm32.13.3.rel1.win32_1.0.0.202411081344/tools/bin/../lib/gcc/arm-none-eabi/13.3.1/../../../../arm-none-eabi/lib/thumb/v7e-m+fp/hard\libc_nano.a(libc_a-sbrkr.o)
 .ARM.attributes
                0x00000933       0x34 C:/ST/STM32CubeIDE_1.17.0/STM32CubeIDE/plugins/com.st.stm32cube.ide.mcu.externaltools.gnu-tools-for-stm32.13.3.rel1.win32_1.0.0.202411081344/tools/bin/../lib/gcc/arm-none-eabi/13.3.1/../../../../arm-none-eabi/lib/thumb/v7e-m+fp/hard\libc_nano.a(libc_a-writer.o)
 .ARM.attributes
                0x00000967       0x34 C:/ST/STM32CubeIDE_1.17.0/STM32CubeIDE/plugins/com.st.stm32cube.ide.mcu.externaltools.gnu-tools-for-stm32.13.3.rel1.win32_1.0.0.202411081344/tools/bin/../lib/gcc/arm-none-eabi/13.3.1/../../../../arm-none-eabi/lib/thumb/v7e-m+fp/hard\libc_nano.a(libc_a-errno.o)
 .ARM.attributes
                0x0000099b       0x34 C:/ST/STM32CubeIDE_1.17.0/STM32CubeIDE/plugins/com.st.stm32cube.ide.mcu.externaltools.gnu-tools-for-stm32.13.3.rel1.win32_1.0.0.202411081344/tools/bin/../lib/gcc/arm-none-eabi/13.3.1/../../../../arm-none-eabi/lib/thumb/v7e-m+fp/hard\libc_nano.a(libc_a-init.o)
 .ARM.attributes
                0x000009cf       0x34 C:/ST/STM32CubeIDE_1.17.0/STM32CubeIDE/plugins/com.st.stm32cube.ide.mcu.externaltools.gnu-tools-for-stm32.13.3.rel1.win32_1.0.0.202411081344/tools/bin/../lib/gcc/arm-none-eabi/13.3.1/../../../../arm-none-eabi/lib/thumb/v7e-m+fp/hard\libc_nano.a(libc_a-lock.o)
 .ARM.attributes
                0x00000a03       0x17 C:/ST/STM32CubeIDE_1.17.0/STM32CubeIDE/plugins/com.st.stm32cube.ide.mcu.externaltools.gnu-tools-for-stm32.13.3.rel1.win32_1.0.0.202411081344/tools/bin/../lib/gcc/arm-none-eabi/13.3.1/../../../../arm-none-eabi/lib/thumb/v7e-m+fp/hard\libc_nano.a(libc_a-strlen.o)
 .ARM.attributes
                0x00000a1a       0x34 C:/ST/STM32CubeIDE_1.17.0/STM32CubeIDE/plugins/com.st.stm32cube.ide.mcu.externaltools.gnu-tools-for-stm32.13.3.rel1.win32_1.0.0.202411081344/tools/bin/../lib/gcc/arm-none-eabi/13.3.1/../../../../arm-none-eabi/lib/thumb/v7e-m+fp/hard\libc_nano.a(libc_a-freer.o)
 .ARM.attributes
                0x00000a4e       0x34 C:/ST/STM32CubeIDE_1.17.0/STM32CubeIDE/plugins/com.st.stm32cube.ide.mcu.externaltools.gnu-tools-for-stm32.13.3.rel1.win32_1.0.0.202411081344/tools/bin/../lib/gcc/arm-none-eabi/13.3.1/../../../../arm-none-eabi/lib/thumb/v7e-m+fp/hard\libc_nano.a(libc_a-nano-vfprintf.o)
 .ARM.attributes
                0x00000a82       0x34 C:/ST/STM32CubeIDE_1.17.0/STM32CubeIDE/plugins/com.st.stm32cube.ide.mcu.externaltools.gnu-tools-for-stm32.13.3.rel1.win32_1.0.0.202411081344/tools/bin/../lib/gcc/arm-none-eabi/13.3.1/../../../../arm-none-eabi/lib/thumb/v7e-m+fp/hard\libc_nano.a(libc_a-nano-vfprintf_i.o)
 .ARM.attributes
                0x00000ab6       0x34 C:/ST/STM32CubeIDE_1.17.0/STM32CubeIDE/plugins/com.st.stm32cube.ide.mcu.externaltools.gnu-tools-for-stm32.13.3.rel1.win32_1.0.0.202411081344/tools/bin/../lib/gcc/arm-none-eabi/13.3.1/../../../../arm-none-eabi/lib/thumb/v7e-m+fp/hard\libc_nano.a(libc_a-fflush.o)
 .ARM.attributes
                0x00000aea       0x34 C:/ST/STM32CubeIDE_1.17.0/STM32CubeIDE/plugins/com.st.stm32cube.ide.mcu.externaltools.gnu-tools-for-stm32.13.3.rel1.win32_1.0.0.202411081344/tools/bin/../lib/gcc/arm-none-eabi/13.3.1/../../../../arm-none-eabi/lib/thumb/v7e-m+fp/hard\libc_nano.a(libc_a-makebuf.o)
 .ARM.attributes
                0x00000b1e       0x34 C:/ST/STM32CubeIDE_1.17.0/STM32CubeIDE/plugins/com.st.stm32cube.ide.mcu.externaltools.gnu-tools-for-stm32.13.3.rel1.win32_1.0.0.202411081344/tools/bin/../lib/gcc/arm-none-eabi/13.3.1/../../../../arm-none-eabi/lib/thumb/v7e-m+fp/hard\libc_nano.a(libc_a-fstatr.o)
 .ARM.attributes
                0x00000b52       0x34 C:/ST/STM32CubeIDE_1.17.0/STM32CubeIDE/plugins/com.st.stm32cube.ide.mcu.externaltools.gnu-tools-for-stm32.13.3.rel1.win32_1.0.0.202411081344/tools/bin/../lib/gcc/arm-none-eabi/13.3.1/../../../../arm-none-eabi/lib/thumb/v7e-m+fp/hard\libc_nano.a(libc_a-isattyr.o)
 .ARM.attributes
                0x00000b86       0x1c C:/ST/STM32CubeIDE_1.17.0/STM32CubeIDE/plugins/com.st.stm32cube.ide.mcu.externaltools.gnu-tools-for-stm32.13.3.rel1.win32_1.0.0.202411081344/tools/bin/../lib/gcc/arm-none-eabi/13.3.1/../../../../arm-none-eabi/lib/thumb/v7e-m+fp/hard\libc_nano.a(libc_a-memchr.o)
 .ARM.attributes
                0x00000ba2       0x22 C:/ST/STM32CubeIDE_1.17.0/STM32CubeIDE/plugins/com.st.stm32cube.ide.mcu.externaltools.gnu-tools-for-stm32.13.3.rel1.win32_1.0.0.202411081344/tools/bin/../lib/gcc/arm-none-eabi/13.3.1/thumb/v7e-m+fp/hard\libgcc.a(_aeabi_uldivmod.o)
 .ARM.attributes
                0x00000bc4       0x34 C:/ST/STM32CubeIDE_1.17.0/STM32CubeIDE/plugins/com.st.stm32cube.ide.mcu.externaltools.gnu-tools-for-stm32.13.3.rel1.win32_1.0.0.202411081344/tools/bin/../lib/gcc/arm-none-eabi/13.3.1/thumb/v7e-m+fp/hard\libgcc.a(_udivmoddi4.o)
 .ARM.attributes
                0x00000bf8       0x22 C:/ST/STM32CubeIDE_1.17.0/STM32CubeIDE/plugins/com.st.stm32cube.ide.mcu.externaltools.gnu-tools-for-stm32.13.3.rel1.win32_1.0.0.202411081344/tools/bin/../lib/gcc/arm-none-eabi/13.3.1/thumb/v7e-m+fp/hard\libgcc.a(_dvmd_tls.o)
 .ARM.attributes
                0x00000c1a       0x22 C:/ST/STM32CubeIDE_1.17.0/STM32CubeIDE/plugins/com.st.stm32cube.ide.mcu.externaltools.gnu-tools-for-stm32.13.3.rel1.win32_1.0.0.202411081344/tools/bin/../lib/gcc/arm-none-eabi/13.3.1/thumb/v7e-m+fp/hard/crtn.o
OUTPUT(ECEN2370_StarterCode_SP25.elf elf32-littlearm)
LOAD linker stubs
LOAD C:/ST/STM32CubeIDE_1.17.0/STM32CubeIDE/plugins/com.st.stm32cube.ide.mcu.externaltools.gnu-tools-for-stm32.13.3.rel1.win32_1.0.0.202411081344/tools/bin/../lib/gcc/arm-none-eabi/13.3.1/../../../../arm-none-eabi/lib/thumb/v7e-m+fp/hard\libc.a
LOAD C:/ST/STM32CubeIDE_1.17.0/STM32CubeIDE/plugins/com.st.stm32cube.ide.mcu.externaltools.gnu-tools-for-stm32.13.3.rel1.win32_1.0.0.202411081344/tools/bin/../lib/gcc/arm-none-eabi/13.3.1/../../../../arm-none-eabi/lib/thumb/v7e-m+fp/hard\libm.a
LOAD C:/ST/STM32CubeIDE_1.17.0/STM32CubeIDE/plugins/com.st.stm32cube.ide.mcu.externaltools.gnu-tools-for-stm32.13.3.rel1.win32_1.0.0.202411081344/tools/bin/../lib/gcc/arm-none-eabi/13.3.1/thumb/v7e-m+fp/hard\libgcc.a

.debug_info     0x00000000    0x15414
 .debug_info    0x00000000      0xdd7 ./Core/Src/ApplicationCode.o
 .debug_info    0x00000dd7      0x674 ./Core/Src/Button_Driver.o
 .debug_info    0x0000144b      0xb62 ./Core/Src/Gyro_Driver.o
 .debug_info    0x00001fad      0xfd2 ./Core/Src/LCD_Driver.o
 .debug_info    0x00002f7f      0x951 ./Core/Src/Timer_Driver.o
 .debug_info    0x000038d0      0x145 ./Core/Src/fonts.o
 .debug_info    0x00003a15      0xc85 ./Core/Src/ili9341.o
 .debug_info    0x0000469a     0x1924 ./Core/Src/main.o
 .debug_info    0x00005fbe     0x17b6 ./Core/Src/stm32f4xx_hal_msp.o
 .debug_info    0x00007774      0x112 ./Core/Src/stm32f4xx_it.o
 .debug_info    0x00007886      0xdd6 ./Core/Src/stmpe811.o
 .debug_info    0x0000865c      0x6a3 ./Core/Src/syscalls.o
 .debug_info    0x00008cff      0x168 ./Core/Src/sysmem.o
 .debug_info    0x00008e67      0x52e ./Core/Src/system_stm32f4xx.o
 .debug_info    0x00009395       0x30 ./Core/Startup/startup_stm32f429zitx.o
 .debug_info    0x000093c5      0x9ba ./Drivers/STM32F4xx_HAL_Driver/Src/stm32f4xx_hal.o
 .debug_info    0x00009d7f      0xdc2 ./Drivers/STM32F4xx_HAL_Driver/Src/stm32f4xx_hal_cortex.o
 .debug_info    0x0000ab41      0x6db ./Drivers/STM32F4xx_HAL_Driver/Src/stm32f4xx_hal_gpio.o
 .debug_info    0x0000b21c     0x2421 ./Drivers/STM32F4xx_HAL_Driver/Src/stm32f4xx_hal_i2c.o
 .debug_info    0x0000d63d      0x672 ./Drivers/STM32F4xx_HAL_Driver/Src/stm32f4xx_hal_i2c_ex.o
 .debug_info    0x0000dcaf     0x1022 ./Drivers/STM32F4xx_HAL_Driver/Src/stm32f4xx_hal_ltdc.o
 .debug_info    0x0000ecd1      0x8c7 ./Drivers/STM32F4xx_HAL_Driver/Src/stm32f4xx_hal_rcc.o
 .debug_info    0x0000f598      0x64c ./Drivers/STM32F4xx_HAL_Driver/Src/stm32f4xx_hal_rcc_ex.o
 .debug_info    0x0000fbe4      0x493 ./Drivers/STM32F4xx_HAL_Driver/Src/stm32f4xx_hal_rng.o
 .debug_info    0x00010077     0x1525 ./Drivers/STM32F4xx_HAL_Driver/Src/stm32f4xx_hal_spi.o
 .debug_info    0x0001159c     0x299d ./Drivers/STM32F4xx_HAL_Driver/Src/stm32f4xx_hal_tim.o
 .debug_info    0x00013f39     0x14db ./Drivers/STM32F4xx_HAL_Driver/Src/stm32f4xx_hal_tim_ex.o

.debug_abbrev   0x00000000     0x374c
 .debug_abbrev  0x00000000      0x3a3 ./Core/Src/ApplicationCode.o
 .debug_abbrev  0x000003a3      0x198 ./Core/Src/Button_Driver.o
 .debug_abbrev  0x0000053b      0x25b ./Core/Src/Gyro_Driver.o
 .debug_abbrev  0x00000796      0x304 ./Core/Src/LCD_Driver.o
 .debug_abbrev  0x00000a9a      0x20f ./Core/Src/Timer_Driver.o
 .debug_abbrev  0x00000ca9       0xc6 ./Core/Src/fonts.o
 .debug_abbrev  0x00000d6f      0x2c9 ./Core/Src/ili9341.o
 .debug_abbrev  0x00001038      0x2f0 ./Core/Src/main.o
 .debug_abbrev  0x00001328      0x25c ./Core/Src/stm32f4xx_hal_msp.o
 .debug_abbrev  0x00001584       0x73 ./Core/Src/stm32f4xx_it.o
 .debug_abbrev  0x000015f7      0x2c9 ./Core/Src/stmpe811.o
 .debug_abbrev  0x000018c0      0x1b6 ./Core/Src/syscalls.o
 .debug_abbrev  0x00001a76       0xbc ./Core/Src/sysmem.o
 .debug_abbrev  0x00001b32      0x11a ./Core/Src/system_stm32f4xx.o
 .debug_abbrev  0x00001c4c       0x24 ./Core/Startup/startup_stm32f429zitx.o
 .debug_abbrev  0x00001c70      0x214 ./Drivers/STM32F4xx_HAL_Driver/Src/stm32f4xx_hal.o
 .debug_abbrev  0x00001e84      0x31d ./Drivers/STM32F4xx_HAL_Driver/Src/stm32f4xx_hal_cortex.o
 .debug_abbrev  0x000021a1      0x1d4 ./Drivers/STM32F4xx_HAL_Driver/Src/stm32f4xx_hal_gpio.o
 .debug_abbrev  0x00002375      0x2ad ./Drivers/STM32F4xx_HAL_Driver/Src/stm32f4xx_hal_i2c.o
 .debug_abbrev  0x00002622      0x157 ./Drivers/STM32F4xx_HAL_Driver/Src/stm32f4xx_hal_i2c_ex.o
 .debug_abbrev  0x00002779      0x233 ./Drivers/STM32F4xx_HAL_Driver/Src/stm32f4xx_hal_ltdc.o
 .debug_abbrev  0x000029ac      0x2b7 ./Drivers/STM32F4xx_HAL_Driver/Src/stm32f4xx_hal_rcc.o
 .debug_abbrev  0x00002c63      0x1b0 ./Drivers/STM32F4xx_HAL_Driver/Src/stm32f4xx_hal_rcc_ex.o
 .debug_abbrev  0x00002e13      0x1c4 ./Drivers/STM32F4xx_HAL_Driver/Src/stm32f4xx_hal_rng.o
 .debug_abbrev  0x00002fd7      0x27a ./Drivers/STM32F4xx_HAL_Driver/Src/stm32f4xx_hal_spi.o
 .debug_abbrev  0x00003251      0x278 ./Drivers/STM32F4xx_HAL_Driver/Src/stm32f4xx_hal_tim.o
 .debug_abbrev  0x000034c9      0x283 ./Drivers/STM32F4xx_HAL_Driver/Src/stm32f4xx_hal_tim_ex.o

.debug_aranges  0x00000000     0x1508
 .debug_aranges
                0x00000000       0xe0 ./Core/Src/ApplicationCode.o
 .debug_aranges
                0x000000e0       0x28 ./Core/Src/Button_Driver.o
 .debug_aranges
                0x00000108       0x68 ./Core/Src/Gyro_Driver.o
 .debug_aranges
                0x00000170       0xb0 ./Core/Src/LCD_Driver.o
 .debug_aranges
                0x00000220       0x48 ./Core/Src/Timer_Driver.o
 .debug_aranges
                0x00000268       0x18 ./Core/Src/fonts.o
 .debug_aranges
                0x00000280       0x98 ./Core/Src/ili9341.o
 .debug_aranges
                0x00000318       0x60 ./Core/Src/main.o
 .debug_aranges
                0x00000378       0x70 ./Core/Src/stm32f4xx_hal_msp.o
 .debug_aranges
                0x000003e8       0x60 ./Core/Src/stm32f4xx_it.o
 .debug_aranges
                0x00000448       0x88 ./Core/Src/stmpe811.o
 .debug_aranges
                0x000004d0       0xa8 ./Core/Src/syscalls.o
 .debug_aranges
                0x00000578       0x20 ./Core/Src/sysmem.o
 .debug_aranges
                0x00000598       0x28 ./Core/Src/system_stm32f4xx.o
 .debug_aranges
                0x000005c0       0x28 ./Core/Startup/startup_stm32f429zitx.o
 .debug_aranges
                0x000005e8      0x100 ./Drivers/STM32F4xx_HAL_Driver/Src/stm32f4xx_hal.o
 .debug_aranges
                0x000006e8      0x130 ./Drivers/STM32F4xx_HAL_Driver/Src/stm32f4xx_hal_cortex.o
 .debug_aranges
                0x00000818       0x58 ./Drivers/STM32F4xx_HAL_Driver/Src/stm32f4xx_hal_gpio.o
 .debug_aranges
                0x00000870      0x2a8 ./Drivers/STM32F4xx_HAL_Driver/Src/stm32f4xx_hal_i2c.o
 .debug_aranges