../Core/Src/ApplicationCode.c:19:6:ApplicationInit	8	static
../Core/Src/ApplicationCode.c:42:6:buttonInit	8	static
../Core/Src/ApplicationCode.c:47:6:timerInit	8	static
../Core/Src/ApplicationCode.c:52:6:gyroInit	8	static
../Core/Src/ApplicationCode.c:69:5:roundResetPrompt	8	static
../Core/Src/ApplicationCode.c:104:6:roundReset	8	static
../Core/Src/ApplicationCode.c:118:6:gameModeDisplay	8	static
../Core/Src/ApplicationCode.c:159:6:connectFour	8	static
../Core/Src/ApplicationCode.c:212:5:getCurrentPlayerColor	16	static
../Core/Src/ApplicationCode.c:225:6:switchPlayer	4	static
../Core/Src/ApplicationCode.c:230:5:checkWinCondition	24	static
../Core/Src/ApplicationCode.c:272:6:LCD_SetUpBoard	16	static
../Core/Src/ApplicationCode.c:287:6:GameModeName	16	static
../Core/Src/ApplicationCode.c:314:6:placeChip	32	static
../Core/Src/ApplicationCode.c:328:5:boardFull	16	static
../Core/Src/ApplicationCode.c:345:7:IntegerToAsciiArray	40	static
../Core/Src/ApplicationCode.c:388:6:displayEndScreen	24	static
../Core/Src/ApplicationCode.c:477:5:isColumnFull	16	static
../Core/Src/ApplicationCode.c:481:5:findAvailableRow	24	static
../Core/Src/ApplicationCode.c:490:5:evaluatePattern	40	static
../Core/Src/ApplicationCode.c:535:5:evaluateBoard	48	static
../Core/Src/ApplicationCode.c:578:6:opponentMove	32	static
../Core/Src/ApplicationCode.c:615:6:singlePlayerMode	24	static
../Core/Src/ApplicationCode.c:719:6:twoPlayerMode	24	static
../Core/Src/ApplicationCode.c:817:5:EXTI0_IRQHandler	8	static
