../Core/Src/LCD_Driver.c:33:6:LCD_GPIO_Init	56	static
../Core/Src/LCD_Driver.c:116:6:LTCD_Layer_Init	72	static
../Core/Src/LCD_Driver.c:143:6:clearScreen	8	static
../Core/Src/LCD_Driver.c:148:6:LTCD__Init	8	static
../Core/Src/LCD_Driver.c:207:6:LCD_Draw_Pixel	16	static
../Core/Src/LCD_Driver.c:218:6:LCD_Draw_Circle_Fill	32	static
../Core/Src/LCD_Driver.c:232:6:LCD_Draw_Vertical_Line	32	static
../Core/Src/LCD_Driver.c:240:6:LCD_Draw_Horizontal_Line	32	static
../Core/Src/LCD_Driver.c:248:6:LCD_Clear	24	static
../Core/Src/LCD_Driver.c:259:6:LCD_SetTextColor	16	static
../Core/Src/LCD_Driver.c:265:6:LCD_SetFont	16	static
../Core/Src/LCD_Driver.c:271:6:LCD_Draw_Char	24	static
../Core/Src/LCD_Driver.c:291:6:LCD_DisplayChar	16	static
../Core/Src/LCD_Driver.c:302:6:LCD_Error_Handler	4	static,ignoring_inline_asm
../Core/Src/LCD_Driver.c:317:6:InitializeLCDTouch	8	static
../Core/Src/LCD_Driver.c:325:18:returnTouchStateAndLocation	16	static
../Core/Src/LCD_Driver.c:330:6:DetermineTouchPosition	16	static
../Core/Src/LCD_Driver.c:335:9:ReadRegisterFromTouchModule	16	static
../Core/Src/LCD_Driver.c:340:6:WriteDataToTouchModule	16	static
